@!@!@STARTMSG 2262:0 @!@!@
TLC2 Version 2.19 of 08 August 2024 (rev: 5a47802)
@!@!@ENDMSG 2262 @!@!@
@!@!@STARTMSG 2187:0 @!@!@
Running breadth-first search Model-Checking with fp 114 and seed 2290934460581716443 with 8 workers on 16 cores with 1163MB heap and 2612MB offheap memory [pid: 23252] (Windows 10 10.0 amd64, AdoptOpenJDK 14.0.1 x86_64, OffHeapDiskFPSet, DiskStateQueue).
@!@!@ENDMSG 2187 @!@!@
@!@!@STARTMSG 2220:0 @!@!@
Starting SANY...
@!@!@ENDMSG 2220 @!@!@
Parsing file C:\Users\kusek\Documents\TLA+\raft.tla\paulspec.toolbox\Model_1\MC.tla
Parsing file C:\Users\kusek\Documents\TLA+\raft.tla\paulspec.toolbox\Model_1\paulspec.tla
Parsing file C:\Users\kusek\Desktop\Toolbox\TLAToolbox-1.7.4-win32.win32.x86_64\toolbox\plugins\org.lamport.tlatools_1.0.0.202408081326\tla2sany\StandardModules\TLC.tla
Parsing file C:\Users\kusek\Desktop\Toolbox\TLAToolbox-1.7.4-win32.win32.x86_64\toolbox\plugins\org.lamport.tlatools_1.0.0.202408081326\tla2sany\StandardModules\Naturals.tla
Parsing file C:\Users\kusek\Desktop\Toolbox\TLAToolbox-1.7.4-win32.win32.x86_64\toolbox\plugins\org.lamport.tlatools_1.0.0.202408081326\tla2sany\StandardModules\FiniteSets.tla
Parsing file C:\Users\kusek\Desktop\Toolbox\TLAToolbox-1.7.4-win32.win32.x86_64\toolbox\plugins\org.lamport.tlatools_1.0.0.202408081326\tla2sany\StandardModules\Sequences.tla
Semantic processing of module Naturals
Semantic processing of module Sequences
Semantic processing of module FiniteSets
Semantic processing of module TLC
Semantic processing of module paulspec
Semantic processing of module MC
@!@!@STARTMSG 2219:0 @!@!@
SANY finished.
@!@!@ENDMSG 2219 @!@!@
@!@!@STARTMSG 2185:0 @!@!@
Starting... (2025-05-13 22:14:02)
@!@!@ENDMSG 2185 @!@!@
@!@!@STARTMSG 2189:0 @!@!@
Computing initial states...
@!@!@ENDMSG 2189 @!@!@
@!@!@STARTMSG 2190:0 @!@!@
Finished computing initial states: 1 distinct state generated at 2025-05-13 22:14:03.
@!@!@ENDMSG 2190 @!@!@
@!@!@STARTMSG 2110:1 @!@!@
Invariant EntryCommitMessageCountInv is violated.
@!@!@ENDMSG 2110 @!@!@
@!@!@STARTMSG 2121:1 @!@!@
The behavior up to this point is:
@!@!@ENDMSG 2121 @!@!@
@!@!@STARTMSG 2217:4 @!@!@
1: <Initial predicate>
/\ messages = << >>
/\ matchIndex = [ r1 |-> [r1 |-> 0, r2 |-> 0, r3 |-> 0, r4 |-> 0],
  r2 |-> [r1 |-> 0, r2 |-> 0, r3 |-> 0, r4 |-> 0],
  r3 |-> [r1 |-> 0, r2 |-> 0, r3 |-> 0, r4 |-> 0],
  r4 |-> [r1 |-> 0, r2 |-> 0, r3 |-> 0, r4 |-> 0] ]
/\ log = [r1 |-> <<>>, r2 |-> <<>>, r3 |-> <<>>, r4 |-> <<>>]
/\ switchSentRecord = [r1 |-> {}, r2 |-> {}, r3 |-> {}, r4 |-> {}]
/\ state = [r1 |-> Switch, r2 |-> Leader, r3 |-> Follower, r4 |-> Follower]
/\ Servers = {"r2", "r3", "r4"}
/\ leaderCount = [r1 |-> 0, r2 |-> 1, r3 |-> 0, r4 |-> 0]
/\ entryCommitStats = << >>
/\ commitIndex = [r1 |-> 0, r2 |-> 0, r3 |-> 0, r4 |-> 0]
/\ currentTerm = [r1 |-> 2, r2 |-> 2, r3 |-> 2, r4 |-> 2]
/\ votesResponded = [r1 |-> {}, r2 |-> {"r1", "r2"}, r3 |-> {}, r4 |-> {}]
/\ switchIndex = "r1"
/\ maxc = 0
/\ nextIndex = [ r1 |-> [r1 |-> 1, r2 |-> 1, r3 |-> 1, r4 |-> 1],
  r2 |-> [r1 |-> 1, r2 |-> 1, r3 |-> 1, r4 |-> 1],
  r3 |-> [r1 |-> 1, r2 |-> 1, r3 |-> 1, r4 |-> 1],
  r4 |-> [r1 |-> 1, r2 |-> 1, r3 |-> 1, r4 |-> 1] ]
/\ votesGranted = [r1 |-> {}, r2 |-> {"r1", "r2"}, r3 |-> {}, r4 |-> {}]
/\ switchBuffer = << >>
/\ voterLog = [r1 |-> <<>>, r2 |-> [r1 |-> <<>>, r2 |-> <<>>], r3 |-> <<>>, r4 |-> <<>>]
/\ votedFor = [r1 |-> "r2", r2 |-> Nil, r3 |-> "r2", r4 |-> "r2"]
/\ unorderedRequests = [r1 |-> {}, r2 |-> {}, r3 |-> {}, r4 |-> {}]

@!@!@ENDMSG 2217 @!@!@
@!@!@STARTMSG 2217:4 @!@!@
2: <MySwitchNext line 739, col 6 to line 739, col 96 of module paulspec>
/\ messages = << >>
/\ matchIndex = [ r1 |-> [r1 |-> 0, r2 |-> 0, r3 |-> 0, r4 |-> 0],
  r2 |-> [r1 |-> 0, r2 |-> 0, r3 |-> 0, r4 |-> 0],
  r3 |-> [r1 |-> 0, r2 |-> 0, r3 |-> 0, r4 |-> 0],
  r4 |-> [r1 |-> 0, r2 |-> 0, r3 |-> 0, r4 |-> 0] ]
/\ log = [r1 |-> <<>>, r2 |-> <<>>, r3 |-> <<>>, r4 |-> <<>>]
/\ switchSentRecord = [r1 |-> {}, r2 |-> {}, r3 |-> {}, r4 |-> {}]
/\ state = [r1 |-> Switch, r2 |-> Leader, r3 |-> Follower, r4 |-> Follower]
/\ Servers = {"r2", "r3", "r4"}
/\ leaderCount = [r1 |-> 0, r2 |-> 1, r3 |-> 0, r4 |-> 0]
/\ entryCommitStats = << >>
/\ commitIndex = [r1 |-> 0, r2 |-> 0, r3 |-> 0, r4 |-> 0]
/\ currentTerm = [r1 |-> 2, r2 |-> 2, r3 |-> 2, r4 |-> 2]
/\ votesResponded = [r1 |-> {}, r2 |-> {"r1", "r2"}, r3 |-> {}, r4 |-> {}]
/\ switchIndex = "r1"
/\ maxc = 1
/\ nextIndex = [ r1 |-> [r1 |-> 1, r2 |-> 1, r3 |-> 1, r4 |-> 1],
  r2 |-> [r1 |-> 1, r2 |-> 1, r3 |-> 1, r4 |-> 1],
  r3 |-> [r1 |-> 1, r2 |-> 1, r3 |-> 1, r4 |-> 1],
  r4 |-> [r1 |-> 1, r2 |-> 1, r3 |-> 1, r4 |-> 1] ]
/\ votesGranted = [r1 |-> {}, r2 |-> {"r1", "r2"}, r3 |-> {}, r4 |-> {}]
/\ switchBuffer = [v1 |-> [term |-> 2, value |-> "v1", payload |-> "v1"]]
/\ voterLog = [r1 |-> <<>>, r2 |-> [r1 |-> <<>>, r2 |-> <<>>], r3 |-> <<>>, r4 |-> <<>>]
/\ votedFor = [r1 |-> "r2", r2 |-> Nil, r3 |-> "r2", r4 |-> "r2"]
/\ unorderedRequests = [r1 |-> {}, r2 |-> {}, r3 |-> {}, r4 |-> {}]

@!@!@ENDMSG 2217 @!@!@
@!@!@STARTMSG 2217:4 @!@!@
3: <MySwitchNext line 740, col 6 to line 740, col 98 of module paulspec>
/\ messages = << >>
/\ matchIndex = [ r1 |-> [r1 |-> 0, r2 |-> 0, r3 |-> 0, r4 |-> 0],
  r2 |-> [r1 |-> 0, r2 |-> 0, r3 |-> 0, r4 |-> 0],
  r3 |-> [r1 |-> 0, r2 |-> 0, r3 |-> 0, r4 |-> 0],
  r4 |-> [r1 |-> 0, r2 |-> 0, r3 |-> 0, r4 |-> 0] ]
/\ log = [r1 |-> <<>>, r2 |-> <<>>, r3 |-> <<>>, r4 |-> <<>>]
/\ switchSentRecord = [r1 |-> {}, r2 |-> {<<"v1", 2>>}, r3 |-> {}, r4 |-> {}]
/\ state = [r1 |-> Switch, r2 |-> Leader, r3 |-> Follower, r4 |-> Follower]
/\ Servers = {"r2", "r3", "r4"}
/\ leaderCount = [r1 |-> 0, r2 |-> 1, r3 |-> 0, r4 |-> 0]
/\ entryCommitStats = << >>
/\ commitIndex = [r1 |-> 0, r2 |-> 0, r3 |-> 0, r4 |-> 0]
/\ currentTerm = [r1 |-> 2, r2 |-> 2, r3 |-> 2, r4 |-> 2]
/\ votesResponded = [r1 |-> {}, r2 |-> {"r1", "r2"}, r3 |-> {}, r4 |-> {}]
/\ switchIndex = "r1"
/\ maxc = 1
/\ nextIndex = [ r1 |-> [r1 |-> 1, r2 |-> 1, r3 |-> 1, r4 |-> 1],
  r2 |-> [r1 |-> 1, r2 |-> 1, r3 |-> 1, r4 |-> 1],
  r3 |-> [r1 |-> 1, r2 |-> 1, r3 |-> 1, r4 |-> 1],
  r4 |-> [r1 |-> 1, r2 |-> 1, r3 |-> 1, r4 |-> 1] ]
/\ votesGranted = [r1 |-> {}, r2 |-> {"r1", "r2"}, r3 |-> {}, r4 |-> {}]
/\ switchBuffer = [v1 |-> [term |-> 2, value |-> "v1", payload |-> "v1"]]
/\ voterLog = [r1 |-> <<>>, r2 |-> [r1 |-> <<>>, r2 |-> <<>>], r3 |-> <<>>, r4 |-> <<>>]
/\ votedFor = [r1 |-> "r2", r2 |-> Nil, r3 |-> "r2", r4 |-> "r2"]
/\ unorderedRequests = [r1 |-> {}, r2 |-> {"v1"}, r3 |-> {}, r4 |-> {}]

@!@!@ENDMSG 2217 @!@!@
@!@!@STARTMSG 2217:4 @!@!@
4: <MySwitchNext line 740, col 6 to line 740, col 98 of module paulspec>
/\ messages = << >>
/\ matchIndex = [ r1 |-> [r1 |-> 0, r2 |-> 0, r3 |-> 0, r4 |-> 0],
  r2 |-> [r1 |-> 0, r2 |-> 0, r3 |-> 0, r4 |-> 0],
  r3 |-> [r1 |-> 0, r2 |-> 0, r3 |-> 0, r4 |-> 0],
  r4 |-> [r1 |-> 0, r2 |-> 0, r3 |-> 0, r4 |-> 0] ]
/\ log = [r1 |-> <<>>, r2 |-> <<>>, r3 |-> <<>>, r4 |-> <<>>]
/\ switchSentRecord = [r1 |-> {}, r2 |-> {<<"v1", 2>>}, r3 |-> {<<"v1", 2>>}, r4 |-> {}]
/\ state = [r1 |-> Switch, r2 |-> Leader, r3 |-> Follower, r4 |-> Follower]
/\ Servers = {"r2", "r3", "r4"}
/\ leaderCount = [r1 |-> 0, r2 |-> 1, r3 |-> 0, r4 |-> 0]
/\ entryCommitStats = << >>
/\ commitIndex = [r1 |-> 0, r2 |-> 0, r3 |-> 0, r4 |-> 0]
/\ currentTerm = [r1 |-> 2, r2 |-> 2, r3 |-> 2, r4 |-> 2]
/\ votesResponded = [r1 |-> {}, r2 |-> {"r1", "r2"}, r3 |-> {}, r4 |-> {}]
/\ switchIndex = "r1"
/\ maxc = 1
/\ nextIndex = [ r1 |-> [r1 |-> 1, r2 |-> 1, r3 |-> 1, r4 |-> 1],
  r2 |-> [r1 |-> 1, r2 |-> 1, r3 |-> 1, r4 |-> 1],
  r3 |-> [r1 |-> 1, r2 |-> 1, r3 |-> 1, r4 |-> 1],
  r4 |-> [r1 |-> 1, r2 |-> 1, r3 |-> 1, r4 |-> 1] ]
/\ votesGranted = [r1 |-> {}, r2 |-> {"r1", "r2"}, r3 |-> {}, r4 |-> {}]
/\ switchBuffer = [v1 |-> [term |-> 2, value |-> "v1", payload |-> "v1"]]
/\ voterLog = [r1 |-> <<>>, r2 |-> [r1 |-> <<>>, r2 |-> <<>>], r3 |-> <<>>, r4 |-> <<>>]
/\ votedFor = [r1 |-> "r2", r2 |-> Nil, r3 |-> "r2", r4 |-> "r2"]
/\ unorderedRequests = [r1 |-> {}, r2 |-> {"v1"}, r3 |-> {"v1"}, r4 |-> {}]

@!@!@ENDMSG 2217 @!@!@
@!@!@STARTMSG 2217:4 @!@!@
5: <MySwitchNext line 741, col 6 to line 741, col 107 of module paulspec>
/\ messages = << >>
/\ matchIndex = [ r1 |-> [r1 |-> 0, r2 |-> 0, r3 |-> 0, r4 |-> 0],
  r2 |-> [r1 |-> 0, r2 |-> 0, r3 |-> 0, r4 |-> 0],
  r3 |-> [r1 |-> 0, r2 |-> 0, r3 |-> 0, r4 |-> 0],
  r4 |-> [r1 |-> 0, r2 |-> 0, r3 |-> 0, r4 |-> 0] ]
/\ log = [ r1 |-> <<>>,
  r2 |-> <<[term |-> 2, value |-> "v1", payload |-> "v1"]>>,
  r3 |-> <<>>,
  r4 |-> <<>> ]
/\ switchSentRecord = [r1 |-> {}, r2 |-> {<<"v1", 2>>}, r3 |-> {<<"v1", 2>>}, r4 |-> {}]
/\ state = [r1 |-> Switch, r2 |-> Leader, r3 |-> Follower, r4 |-> Follower]
/\ Servers = {"r2", "r3", "r4"}
/\ leaderCount = [r1 |-> 0, r2 |-> 1, r3 |-> 0, r4 |-> 0]
/\ entryCommitStats = (<<1, 2>> :> [sentCount |-> 0, ackCount |-> 0, committed |-> FALSE])
/\ commitIndex = [r1 |-> 0, r2 |-> 0, r3 |-> 0, r4 |-> 0]
/\ currentTerm = [r1 |-> 2, r2 |-> 2, r3 |-> 2, r4 |-> 2]
/\ votesResponded = [r1 |-> {}, r2 |-> {"r1", "r2"}, r3 |-> {}, r4 |-> {}]
/\ switchIndex = "r1"
/\ maxc = 1
/\ nextIndex = [ r1 |-> [r1 |-> 1, r2 |-> 1, r3 |-> 1, r4 |-> 1],
  r2 |-> [r1 |-> 1, r2 |-> 1, r3 |-> 1, r4 |-> 1],
  r3 |-> [r1 |-> 1, r2 |-> 1, r3 |-> 1, r4 |-> 1],
  r4 |-> [r1 |-> 1, r2 |-> 1, r3 |-> 1, r4 |-> 1] ]
/\ votesGranted = [r1 |-> {}, r2 |-> {"r1", "r2"}, r3 |-> {}, r4 |-> {}]
/\ switchBuffer = [v1 |-> [term |-> 2, value |-> "v1", payload |-> "v1"]]
/\ voterLog = [r1 |-> <<>>, r2 |-> [r1 |-> <<>>, r2 |-> <<>>], r3 |-> <<>>, r4 |-> <<>>]
/\ votedFor = [r1 |-> "r2", r2 |-> Nil, r3 |-> "r2", r4 |-> "r2"]
/\ unorderedRequests = [r1 |-> {}, r2 |-> {}, r3 |-> {"v1"}, r4 |-> {}]

@!@!@ENDMSG 2217 @!@!@
@!@!@STARTMSG 2217:4 @!@!@
6: <MySwitchNext line 743, col 6 to line 743, col 55 of module paulspec>
/\ messages = ( [ mterm |-> 2,
    mtype |-> AppendEntriesRequest,
    msource |-> "r2",
    mdest |-> "r3",
    mlog |-> <<[term |-> 2, value |-> "v1", payload |-> "v1"]>>,
    mprevLogIndex |-> 0,
    mprevLogTerm |-> 0,
    mentries |-> <<[term |-> 2, value |-> "v1"]>>,
    mcommitIndex |-> 0 ] :>
      1 )
/\ matchIndex = [ r1 |-> [r1 |-> 0, r2 |-> 0, r3 |-> 0, r4 |-> 0],
  r2 |-> [r1 |-> 0, r2 |-> 0, r3 |-> 0, r4 |-> 0],
  r3 |-> [r1 |-> 0, r2 |-> 0, r3 |-> 0, r4 |-> 0],
  r4 |-> [r1 |-> 0, r2 |-> 0, r3 |-> 0, r4 |-> 0] ]
/\ log = [ r1 |-> <<>>,
  r2 |-> <<[term |-> 2, value |-> "v1", payload |-> "v1"]>>,
  r3 |-> <<>>,
  r4 |-> <<>> ]
/\ switchSentRecord = [r1 |-> {}, r2 |-> {<<"v1", 2>>}, r3 |-> {<<"v1", 2>>}, r4 |-> {}]
/\ state = [r1 |-> Switch, r2 |-> Leader, r3 |-> Follower, r4 |-> Follower]
/\ Servers = {"r2", "r3", "r4"}
/\ leaderCount = [r1 |-> 0, r2 |-> 1, r3 |-> 0, r4 |-> 0]
/\ entryCommitStats = (<<1, 2>> :> [sentCount |-> 1, ackCount |-> 0, committed |-> FALSE])
/\ commitIndex = [r1 |-> 0, r2 |-> 0, r3 |-> 0, r4 |-> 0]
/\ currentTerm = [r1 |-> 2, r2 |-> 2, r3 |-> 2, r4 |-> 2]
/\ votesResponded = [r1 |-> {}, r2 |-> {"r1", "r2"}, r3 |-> {}, r4 |-> {}]
/\ switchIndex = "r1"
/\ maxc = 1
/\ nextIndex = [ r1 |-> [r1 |-> 1, r2 |-> 1, r3 |-> 1, r4 |-> 1],
  r2 |-> [r1 |-> 1, r2 |-> 1, r3 |-> 1, r4 |-> 1],
  r3 |-> [r1 |-> 1, r2 |-> 1, r3 |-> 1, r4 |-> 1],
  r4 |-> [r1 |-> 1, r2 |-> 1, r3 |-> 1, r4 |-> 1] ]
/\ votesGranted = [r1 |-> {}, r2 |-> {"r1", "r2"}, r3 |-> {}, r4 |-> {}]
/\ switchBuffer = [v1 |-> [term |-> 2, value |-> "v1", payload |-> "v1"]]
/\ voterLog = [r1 |-> <<>>, r2 |-> [r1 |-> <<>>, r2 |-> <<>>], r3 |-> <<>>, r4 |-> <<>>]
/\ votedFor = [r1 |-> "r2", r2 |-> Nil, r3 |-> "r2", r4 |-> "r2"]
/\ unorderedRequests = [r1 |-> {}, r2 |-> {}, r3 |-> {"v1"}, r4 |-> {}]

@!@!@ENDMSG 2217 @!@!@
@!@!@STARTMSG 2217:4 @!@!@
7: <MySwitchNext line 744, col 6 to line 744, col 121 of module paulspec>
/\ messages = ( [ mterm |-> 2,
    mtype |-> AppendEntriesRequest,
    msource |-> "r2",
    mdest |-> "r3",
    mlog |-> <<[term |-> 2, value |-> "v1", payload |-> "v1"]>>,
    mprevLogIndex |-> 0,
    mprevLogTerm |-> 0,
    mentries |-> <<[term |-> 2, value |-> "v1"]>>,
    mcommitIndex |-> 0 ] :>
      1 )
/\ matchIndex = [ r1 |-> [r1 |-> 0, r2 |-> 0, r3 |-> 0, r4 |-> 0],
  r2 |-> [r1 |-> 0, r2 |-> 0, r3 |-> 0, r4 |-> 0],
  r3 |-> [r1 |-> 0, r2 |-> 0, r3 |-> 0, r4 |-> 0],
  r4 |-> [r1 |-> 0, r2 |-> 0, r3 |-> 0, r4 |-> 0] ]
/\ log = [ r1 |-> <<>>,
  r2 |-> <<[term |-> 2, value |-> "v1", payload |-> "v1"]>>,
  r3 |-> <<[term |-> 2, value |-> "v1", payload |-> "v1"]>>,
  r4 |-> <<>> ]
/\ switchSentRecord = [r1 |-> {}, r2 |-> {<<"v1", 2>>}, r3 |-> {<<"v1", 2>>}, r4 |-> {}]
/\ state = [r1 |-> Switch, r2 |-> Leader, r3 |-> Follower, r4 |-> Follower]
/\ Servers = {"r2", "r3", "r4"}
/\ leaderCount = [r1 |-> 0, r2 |-> 1, r3 |-> 0, r4 |-> 0]
/\ entryCommitStats = (<<1, 2>> :> [sentCount |-> 1, ackCount |-> 0, committed |-> FALSE])
/\ commitIndex = [r1 |-> 0, r2 |-> 0, r3 |-> 0, r4 |-> 0]
/\ currentTerm = [r1 |-> 2, r2 |-> 2, r3 |-> 2, r4 |-> 2]
/\ votesResponded = [r1 |-> {}, r2 |-> {"r1", "r2"}, r3 |-> {}, r4 |-> {}]
/\ switchIndex = "r1"
/\ maxc = 1
/\ nextIndex = [ r1 |-> [r1 |-> 1, r2 |-> 1, r3 |-> 1, r4 |-> 1],
  r2 |-> [r1 |-> 1, r2 |-> 1, r3 |-> 1, r4 |-> 1],
  r3 |-> [r1 |-> 1, r2 |-> 1, r3 |-> 1, r4 |-> 1],
  r4 |-> [r1 |-> 1, r2 |-> 1, r3 |-> 1, r4 |-> 1] ]
/\ votesGranted = [r1 |-> {}, r2 |-> {"r1", "r2"}, r3 |-> {}, r4 |-> {}]
/\ switchBuffer = [v1 |-> [term |-> 2, value |-> "v1", payload |-> "v1"]]
/\ voterLog = [r1 |-> <<>>, r2 |-> [r1 |-> <<>>, r2 |-> <<>>], r3 |-> <<>>, r4 |-> <<>>]
/\ votedFor = [r1 |-> "r2", r2 |-> Nil, r3 |-> "r2", r4 |-> "r2"]
/\ unorderedRequests = [r1 |-> {}, r2 |-> {}, r3 |-> {}, r4 |-> {}]

@!@!@ENDMSG 2217 @!@!@
@!@!@STARTMSG 2217:4 @!@!@
8: <MySwitchNext line 744, col 6 to line 744, col 121 of module paulspec>
/\ messages = ( [ mterm |-> 2,
    mtype |-> AppendEntriesResponse,
    msource |-> "r3",
    mdest |-> "r2",
    msuccess |-> TRUE,
    mmatchIndex |-> 1 ] :>
      1 @@
  [ mterm |-> 2,
    mtype |-> AppendEntriesRequest,
    msource |-> "r2",
    mdest |-> "r3",
    mlog |-> <<[term |-> 2, value |-> "v1", payload |-> "v1"]>>,
    mprevLogIndex |-> 0,
    mprevLogTerm |-> 0,
    mentries |-> <<[term |-> 2, value |-> "v1"]>>,
    mcommitIndex |-> 0 ] :>
      0 )
/\ matchIndex = [ r1 |-> [r1 |-> 0, r2 |-> 0, r3 |-> 0, r4 |-> 0],
  r2 |-> [r1 |-> 0, r2 |-> 0, r3 |-> 0, r4 |-> 0],
  r3 |-> [r1 |-> 0, r2 |-> 0, r3 |-> 0, r4 |-> 0],
  r4 |-> [r1 |-> 0, r2 |-> 0, r3 |-> 0, r4 |-> 0] ]
/\ log = [ r1 |-> <<>>,
  r2 |-> <<[term |-> 2, value |-> "v1", payload |-> "v1"]>>,
  r3 |-> <<[term |-> 2, value |-> "v1", payload |-> "v1"]>>,
  r4 |-> <<>> ]
/\ switchSentRecord = [r1 |-> {}, r2 |-> {<<"v1", 2>>}, r3 |-> {<<"v1", 2>>}, r4 |-> {}]
/\ state = [r1 |-> Switch, r2 |-> Leader, r3 |-> Follower, r4 |-> Follower]
/\ Servers = {"r2", "r3", "r4"}
/\ leaderCount = [r1 |-> 0, r2 |-> 1, r3 |-> 0, r4 |-> 0]
/\ entryCommitStats = (<<1, 2>> :> [sentCount |-> 1, ackCount |-> 0, committed |-> FALSE])
/\ commitIndex = [r1 |-> 0, r2 |-> 0, r3 |-> 0, r4 |-> 0]
/\ currentTerm = [r1 |-> 2, r2 |-> 2, r3 |-> 2, r4 |-> 2]
/\ votesResponded = [r1 |-> {}, r2 |-> {"r1", "r2"}, r3 |-> {}, r4 |-> {}]
/\ switchIndex = "r1"
/\ maxc = 1
/\ nextIndex = [ r1 |-> [r1 |-> 1, r2 |-> 1, r3 |-> 1, r4 |-> 1],
  r2 |-> [r1 |-> 1, r2 |-> 1, r3 |-> 1, r4 |-> 1],
  r3 |-> [r1 |-> 1, r2 |-> 1, r3 |-> 1, r4 |-> 1],
  r4 |-> [r1 |-> 1, r2 |-> 1, r3 |-> 1, r4 |-> 1] ]
/\ votesGranted = [r1 |-> {}, r2 |-> {"r1", "r2"}, r3 |-> {}, r4 |-> {}]
/\ switchBuffer = [v1 |-> [term |-> 2, value |-> "v1", payload |-> "v1"]]
/\ voterLog = [r1 |-> <<>>, r2 |-> [r1 |-> <<>>, r2 |-> <<>>], r3 |-> <<>>, r4 |-> <<>>]
/\ votedFor = [r1 |-> "r2", r2 |-> Nil, r3 |-> "r2", r4 |-> "r2"]
/\ unorderedRequests = [r1 |-> {}, r2 |-> {}, r3 |-> {}, r4 |-> {}]

@!@!@ENDMSG 2217 @!@!@
@!@!@STARTMSG 2217:4 @!@!@
9: <MySwitchNext line 744, col 6 to line 744, col 121 of module paulspec>
/\ messages = ( [ mterm |-> 2,
    mtype |-> AppendEntriesResponse,
    msource |-> "r3",
    mdest |-> "r2",
    msuccess |-> TRUE,
    mmatchIndex |-> 1 ] :>
      0 @@
  [ mterm |-> 2,
    mtype |-> AppendEntriesRequest,
    msource |-> "r2",
    mdest |-> "r3",
    mlog |-> <<[term |-> 2, value |-> "v1", payload |-> "v1"]>>,
    mprevLogIndex |-> 0,
    mprevLogTerm |-> 0,
    mentries |-> <<[term |-> 2, value |-> "v1"]>>,
    mcommitIndex |-> 0 ] :>
      0 )
/\ matchIndex = [ r1 |-> [r1 |-> 0, r2 |-> 0, r3 |-> 0, r4 |-> 0],
  r2 |-> [r1 |-> 0, r2 |-> 0, r3 |-> 1, r4 |-> 0],
  r3 |-> [r1 |-> 0, r2 |-> 0, r3 |-> 0, r4 |-> 0],
  r4 |-> [r1 |-> 0, r2 |-> 0, r3 |-> 0, r4 |-> 0] ]
/\ log = [ r1 |-> <<>>,
  r2 |-> <<[term |-> 2, value |-> "v1", payload |-> "v1"]>>,
  r3 |-> <<[term |-> 2, value |-> "v1", payload |-> "v1"]>>,
  r4 |-> <<>> ]
/\ switchSentRecord = [r1 |-> {}, r2 |-> {<<"v1", 2>>}, r3 |-> {<<"v1", 2>>}, r4 |-> {}]
/\ state = [r1 |-> Switch, r2 |-> Leader, r3 |-> Follower, r4 |-> Follower]
/\ Servers = {"r2", "r3", "r4"}
/\ leaderCount = [r1 |-> 0, r2 |-> 1, r3 |-> 0, r4 |-> 0]
/\ entryCommitStats = (<<1, 2>> :> [sentCount |-> 1, ackCount |-> 1, committed |-> FALSE])
/\ commitIndex = [r1 |-> 0, r2 |-> 0, r3 |-> 0, r4 |-> 0]
/\ currentTerm = [r1 |-> 2, r2 |-> 2, r3 |-> 2, r4 |-> 2]
/\ votesResponded = [r1 |-> {}, r2 |-> {"r1", "r2"}, r3 |-> {}, r4 |-> {}]
/\ switchIndex = "r1"
/\ maxc = 1
/\ nextIndex = [ r1 |-> [r1 |-> 1, r2 |-> 1, r3 |-> 1, r4 |-> 1],
  r2 |-> [r1 |-> 1, r2 |-> 1, r3 |-> 2, r4 |-> 1],
  r3 |-> [r1 |-> 1, r2 |-> 1, r3 |-> 1, r4 |-> 1],
  r4 |-> [r1 |-> 1, r2 |-> 1, r3 |-> 1, r4 |-> 1] ]
/\ votesGranted = [r1 |-> {}, r2 |-> {"r1", "r2"}, r3 |-> {}, r4 |-> {}]
/\ switchBuffer = [v1 |-> [term |-> 2, value |-> "v1", payload |-> "v1"]]
/\ voterLog = [r1 |-> <<>>, r2 |-> [r1 |-> <<>>, r2 |-> <<>>], r3 |-> <<>>, r4 |-> <<>>]
/\ votedFor = [r1 |-> "r2", r2 |-> Nil, r3 |-> "r2", r4 |-> "r2"]
/\ unorderedRequests = [r1 |-> {}, r2 |-> {}, r3 |-> {}, r4 |-> {}]

@!@!@ENDMSG 2217 @!@!@
@!@!@STARTMSG 2217:4 @!@!@
10: <MySwitchNext line 742, col 6 to line 742, col 45 of module paulspec>
/\ messages = ( [ mterm |-> 2,
    mtype |-> AppendEntriesResponse,
    msource |-> "r3",
    mdest |-> "r2",
    msuccess |-> TRUE,
    mmatchIndex |-> 1 ] :>
      0 @@
  [ mterm |-> 2,
    mtype |-> AppendEntriesRequest,
    msource |-> "r2",
    mdest |-> "r3",
    mlog |-> <<[term |-> 2, value |-> "v1", payload |-> "v1"]>>,
    mprevLogIndex |-> 0,
    mprevLogTerm |-> 0,
    mentries |-> <<[term |-> 2, value |-> "v1"]>>,
    mcommitIndex |-> 0 ] :>
      0 )
/\ matchIndex = [ r1 |-> [r1 |-> 0, r2 |-> 0, r3 |-> 0, r4 |-> 0],
  r2 |-> [r1 |-> 0, r2 |-> 0, r3 |-> 1, r4 |-> 0],
  r3 |-> [r1 |-> 0, r2 |-> 0, r3 |-> 0, r4 |-> 0],
  r4 |-> [r1 |-> 0, r2 |-> 0, r3 |-> 0, r4 |-> 0] ]
/\ log = [ r1 |-> <<>>,
  r2 |-> <<[term |-> 2, value |-> "v1", payload |-> "v1"]>>,
  r3 |-> <<[term |-> 2, value |-> "v1", payload |-> "v1"]>>,
  r4 |-> <<>> ]
/\ switchSentRecord = [r1 |-> {}, r2 |-> {<<"v1", 2>>}, r3 |-> {<<"v1", 2>>}, r4 |-> {}]
/\ state = [r1 |-> Switch, r2 |-> Leader, r3 |-> Follower, r4 |-> Follower]
/\ Servers = {"r2", "r3", "r4"}
/\ leaderCount = [r1 |-> 0, r2 |-> 1, r3 |-> 0, r4 |-> 0]
/\ entryCommitStats = (<<1, 2>> :> [sentCount |-> 1, ackCount |-> 1, committed |-> TRUE])
/\ commitIndex = [r1 |-> 0, r2 |-> 1, r3 |-> 0, r4 |-> 0]
/\ currentTerm = [r1 |-> 2, r2 |-> 2, r3 |-> 2, r4 |-> 2]
/\ votesResponded = [r1 |-> {}, r2 |-> {"r1", "r2"}, r3 |-> {}, r4 |-> {}]
/\ switchIndex = "r1"
/\ maxc = 1
/\ nextIndex = [ r1 |-> [r1 |-> 1, r2 |-> 1, r3 |-> 1, r4 |-> 1],
  r2 |-> [r1 |-> 1, r2 |-> 1, r3 |-> 2, r4 |-> 1],
  r3 |-> [r1 |-> 1, r2 |-> 1, r3 |-> 1, r4 |-> 1],
  r4 |-> [r1 |-> 1, r2 |-> 1, r3 |-> 1, r4 |-> 1] ]
/\ votesGranted = [r1 |-> {}, r2 |-> {"r1", "r2"}, r3 |-> {}, r4 |-> {}]
/\ switchBuffer = [v1 |-> [term |-> 2, value |-> "v1", payload |-> "v1"]]
/\ voterLog = [r1 |-> <<>>, r2 |-> [r1 |-> <<>>, r2 |-> <<>>], r3 |-> <<>>, r4 |-> <<>>]
/\ votedFor = [r1 |-> "r2", r2 |-> Nil, r3 |-> "r2", r4 |-> "r2"]
/\ unorderedRequests = [r1 |-> {}, r2 |-> {}, r3 |-> {}, r4 |-> {}]

@!@!@ENDMSG 2217 @!@!@
@!@!@STARTMSG 2201:0 @!@!@
The coverage statistics at 2025-05-13 22:14:03
@!@!@ENDMSG 2201 @!@!@
@!@!@STARTMSG 2773:0 @!@!@
<MyNewInit line 243, col 1 to line 243, col 9 of module paulspec>: 2:2
@!@!@ENDMSG 2773 @!@!@
@!@!@STARTMSG 2221:0 @!@!@
  line 257, col 18 to line 257, col 27 of module paulspec: 2
@!@!@ENDMSG 2221 @!@!@
@!@!@STARTMSG 2221:0 @!@!@
  |line 246, col 23 to line 246, col 48 of module paulspec: 2
@!@!@ENDMSG 2221 @!@!@
@!@!@STARTMSG 2221:0 @!@!@
  ||line 246, col 23 to line 246, col 32 of module paulspec: 2
@!@!@ENDMSG 2221 @!@!@
@!@!@STARTMSG 2221:0 @!@!@
  |||line 244, col 23 to line 244, col 70 of module paulspec: 2
@!@!@ENDMSG 2221 @!@!@
@!@!@STARTMSG 2221:0 @!@!@
  ||||line 244, col 53 to line 244, col 70 of module paulspec: 32
@!@!@ENDMSG 2221 @!@!@
@!@!@STARTMSG 2775:0 @!@!@
  ||||line 244, col 36 to line 244, col 49 of module paulspec: 2:298613
@!@!@ENDMSG 2775 @!@!@
@!@!@STARTMSG 2221:0 @!@!@
  ||line 246, col 36 to line 246, col 48 of module paulspec: 2
@!@!@ENDMSG 2221 @!@!@
@!@!@STARTMSG 2221:0 @!@!@
  |||line 246, col 37 to line 246, col 47 of module paulspec: 2
@!@!@ENDMSG 2221 @!@!@
@!@!@STARTMSG 2221:0 @!@!@
  ||||line 245, col 24 to line 245, col 53 of module paulspec: 2
@!@!@ENDMSG 2221 @!@!@
@!@!@STARTMSG 2221:0 @!@!@
  |||||line 245, col 50 to line 245, col 53 of module paulspec: 2
@!@!@ENDMSG 2221 @!@!@
@!@!@STARTMSG 2221:0 @!@!@
  |||||line 245, col 37 to line 245, col 46 of module paulspec: 2
@!@!@ENDMSG 2221 @!@!@
@!@!@STARTMSG 2221:0 @!@!@
  ||||||line 244, col 23 to line 244, col 70 of module paulspec: 2
@!@!@ENDMSG 2221 @!@!@
@!@!@STARTMSG 2221:0 @!@!@
  |||||||line 244, col 53 to line 244, col 70 of module paulspec: 32
@!@!@ENDMSG 2221 @!@!@
@!@!@STARTMSG 2775:0 @!@!@
  |||||||line 244, col 36 to line 244, col 49 of module paulspec: 2:2
@!@!@ENDMSG 2775 @!@!@
@!@!@STARTMSG 2221:0 @!@!@
  line 258, col 8 to line 258, col 41 of module paulspec: 2
@!@!@ENDMSG 2221 @!@!@
@!@!@STARTMSG 2221:0 @!@!@
  line 259, col 8 to line 259, col 41 of module paulspec: 2
@!@!@ENDMSG 2221 @!@!@
@!@!@STARTMSG 2221:0 @!@!@
  line 260, col 8 to line 260, col 63 of module paulspec: 2
@!@!@ENDMSG 2221 @!@!@
@!@!@STARTMSG 2221:0 @!@!@
  line 261, col 8 to line 261, col 36 of module paulspec: 2
@!@!@ENDMSG 2221 @!@!@
@!@!@STARTMSG 2221:0 @!@!@
  line 262, col 8 to line 262, col 59 of module paulspec: 2
@!@!@ENDMSG 2221 @!@!@
@!@!@STARTMSG 2221:0 @!@!@
  line 264, col 8 to line 264, col 34 of module paulspec: 2
@!@!@ENDMSG 2221 @!@!@
@!@!@STARTMSG 2221:0 @!@!@
  line 265, col 8 to line 265, col 58 of module paulspec: 2
@!@!@ENDMSG 2221 @!@!@
@!@!@STARTMSG 2221:0 @!@!@
  line 266, col 8 to line 266, col 105 of module paulspec: 2
@!@!@ENDMSG 2221 @!@!@
@!@!@STARTMSG 2221:0 @!@!@
  line 267, col 8 to line 267, col 79 of module paulspec: 2
@!@!@ENDMSG 2221 @!@!@
@!@!@STARTMSG 2221:0 @!@!@
  line 268, col 22 to line 268, col 32 of module paulspec: 2
@!@!@ENDMSG 2221 @!@!@
@!@!@STARTMSG 2221:0 @!@!@
  |line 245, col 24 to line 245, col 53 of module paulspec: 2
@!@!@ENDMSG 2221 @!@!@
@!@!@STARTMSG 2221:0 @!@!@
  ||line 245, col 50 to line 245, col 53 of module paulspec: 2
@!@!@ENDMSG 2221 @!@!@
@!@!@STARTMSG 2221:0 @!@!@
  ||line 245, col 37 to line 245, col 46 of module paulspec: 2
@!@!@ENDMSG 2221 @!@!@
@!@!@STARTMSG 2221:0 @!@!@
  |||line 244, col 23 to line 244, col 70 of module paulspec: 2
@!@!@ENDMSG 2221 @!@!@
@!@!@STARTMSG 2221:0 @!@!@
  ||||line 244, col 53 to line 244, col 70 of module paulspec: 32
@!@!@ENDMSG 2221 @!@!@
@!@!@STARTMSG 2775:0 @!@!@
  ||||line 244, col 36 to line 244, col 49 of module paulspec: 2:2
@!@!@ENDMSG 2775 @!@!@
@!@!@STARTMSG 2221:0 @!@!@
  line 269, col 8 to line 269, col 47 of module paulspec: 2
@!@!@ENDMSG 2221 @!@!@
@!@!@STARTMSG 2221:0 @!@!@
  line 270, col 8 to line 270, col 48 of module paulspec: 2
@!@!@ENDMSG 2221 @!@!@
@!@!@STARTMSG 2221:0 @!@!@
  line 271, col 8 to line 271, col 63 of module paulspec: 2
@!@!@ENDMSG 2221 @!@!@
@!@!@STARTMSG 2221:0 @!@!@
  line 272, col 8 to line 272, col 102 of module paulspec: 2
@!@!@ENDMSG 2221 @!@!@
@!@!@STARTMSG 2221:0 @!@!@
  line 273, col 8 to line 273, col 76 of module paulspec: 2
@!@!@ENDMSG 2221 @!@!@
@!@!@STARTMSG 2221:0 @!@!@
  line 274, col 8 to line 274, col 78 of module paulspec: 2
@!@!@ENDMSG 2221 @!@!@
@!@!@STARTMSG 2221:0 @!@!@
  line 275, col 8 to line 275, col 106 of module paulspec: 2
@!@!@ENDMSG 2221 @!@!@
@!@!@STARTMSG 2772:0 @!@!@
<MySwitchNext line 738, col 1 to line 738, col 12 of module paulspec (739 6 739 96)>: 5:534
@!@!@ENDMSG 2772 @!@!@
@!@!@STARTMSG 2221:0 @!@!@
  line 739, col 38 to line 739, col 54 of module paulspec: 8940
@!@!@ENDMSG 2221 @!@!@
@!@!@STARTMSG 2221:0 @!@!@
  |line 739, col 38 to line 739, col 45 of module paulspec: 8406
@!@!@ENDMSG 2221 @!@!@
@!@!@STARTMSG 2221:0 @!@!@
  |line 739, col 49 to line 739, col 54 of module paulspec: 8406
@!@!@ENDMSG 2221 @!@!@
@!@!@STARTMSG 2221:0 @!@!@
  line 424, col 8 to line 424, col 31 of module paulspec: 534
@!@!@ENDMSG 2221 @!@!@
@!@!@STARTMSG 2221:0 @!@!@
  |line 424, col 8 to line 424, col 11 of module paulspec: 2802
@!@!@ENDMSG 2221 @!@!@
@!@!@STARTMSG 2221:0 @!@!@
  |line 424, col 15 to line 424, col 31 of module paulspec: 2802
@!@!@ENDMSG 2221 @!@!@
@!@!@STARTMSG 2221:0 @!@!@
  line 430, col 12 to line 432, col 63 of module paulspec: 534
@!@!@ENDMSG 2221 @!@!@
@!@!@STARTMSG 2221:0 @!@!@
  |line 430, col 28 to line 432, col 63 of module paulspec: 534
@!@!@ENDMSG 2221 @!@!@
@!@!@STARTMSG 2221:0 @!@!@
  ||line 430, col 31 to line 430, col 41 of module paulspec: 534
@!@!@ENDMSG 2221 @!@!@
@!@!@STARTMSG 2221:0 @!@!@
  ||line 431, col 33 to line 431, col 44 of module paulspec: 265
@!@!@ENDMSG 2221 @!@!@
@!@!@STARTMSG 2221:0 @!@!@
  ||line 432, col 33 to line 432, col 63 of module paulspec: 269
@!@!@ENDMSG 2221 @!@!@
@!@!@STARTMSG 2221:0 @!@!@
  line 433, col 12 to line 433, col 57 of module paulspec: 534
@!@!@ENDMSG 2221 @!@!@
@!@!@STARTMSG 2221:0 @!@!@
  |line 433, col 20 to line 433, col 57 of module paulspec: 534
@!@!@ENDMSG 2221 @!@!@
@!@!@STARTMSG 2221:0 @!@!@
  ||line 433, col 23 to line 433, col 33 of module paulspec: 534
@!@!@ENDMSG 2221 @!@!@
@!@!@STARTMSG 2221:0 @!@!@
  ||line 433, col 40 to line 433, col 43 of module paulspec: 265
@!@!@ENDMSG 2221 @!@!@
@!@!@STARTMSG 2221:0 @!@!@
  ||line 433, col 50 to line 433, col 57 of module paulspec: 269
@!@!@ENDMSG 2221 @!@!@
@!@!@STARTMSG 2221:0 @!@!@
  line 435, col 8 to line 435, col 167 of module paulspec: 534
@!@!@ENDMSG 2221 @!@!@
@!@!@STARTMSG 2221:0 @!@!@
  line 739, col 92 to line 739, col 92 of module paulspec: 269
@!@!@ENDMSG 2221 @!@!@
@!@!@STARTMSG 2221:0 @!@!@
  line 739, col 95 to line 739, col 95 of module paulspec: 534
@!@!@ENDMSG 2221 @!@!@
@!@!@STARTMSG 2221:0 @!@!@
  line 739, col 15 to line 739, col 21 of module paulspec: 1401
@!@!@ENDMSG 2221 @!@!@
@!@!@STARTMSG 2221:0 @!@!@
  line 739, col 30 to line 739, col 34 of module paulspec: 1401
@!@!@ENDMSG 2221 @!@!@
@!@!@STARTMSG 2772:0 @!@!@
<MySwitchNext line 738, col 1 to line 738, col 12 of module paulspec (740 6 740 98)>: 303:3742
@!@!@ENDMSG 2772 @!@!@
@!@!@STARTMSG 2221:0 @!@!@
  line 442, col 14 to line 442, col 53 of module paulspec: 11341
@!@!@ENDMSG 2221 @!@!@
@!@!@STARTMSG 2221:0 @!@!@
  |line 442, col 14 to line 442, col 26 of module paulspec: 7599
@!@!@ENDMSG 2221 @!@!@
@!@!@STARTMSG 2221:0 @!@!@
  |line 442, col 35 to line 442, col 53 of module paulspec: 7599
@!@!@ENDMSG 2221 @!@!@
@!@!@STARTMSG 2221:0 @!@!@
  line 443, col 14 to line 443, col 78 of module paulspec: 3742
@!@!@ENDMSG 2221 @!@!@
@!@!@STARTMSG 2221:0 @!@!@
  line 444, col 14 to line 444, col 88 of module paulspec: 3742
@!@!@ENDMSG 2221 @!@!@
@!@!@STARTMSG 2221:0 @!@!@
  line 446, col 8 to line 446, col 150 of module paulspec: 3742
@!@!@ENDMSG 2221 @!@!@
@!@!@STARTMSG 2221:0 @!@!@
  line 740, col 94 to line 740, col 94 of module paulspec: 7599
@!@!@ENDMSG 2221 @!@!@
@!@!@STARTMSG 2221:0 @!@!@
  line 740, col 97 to line 740, col 97 of module paulspec: 7599
@!@!@ENDMSG 2221 @!@!@
@!@!@STARTMSG 2221:0 @!@!@
  line 740, col 15 to line 740, col 21 of module paulspec: 1400
@!@!@ENDMSG 2221 @!@!@
@!@!@STARTMSG 2221:0 @!@!@
  line 740, col 30 to line 740, col 48 of module paulspec: 1400
@!@!@ENDMSG 2221 @!@!@
@!@!@STARTMSG 2772:0 @!@!@
<MySwitchNext line 738, col 1 to line 738, col 12 of module paulspec (741 6 741 107)>: 258:384
@!@!@ENDMSG 2772 @!@!@
@!@!@STARTMSG 2221:0 @!@!@
  line 741, col 52 to line 741, col 68 of module paulspec: 7977
@!@!@ENDMSG 2221 @!@!@
@!@!@STARTMSG 2221:0 @!@!@
  |line 741, col 52 to line 741, col 59 of module paulspec: 7593
@!@!@ENDMSG 2221 @!@!@
@!@!@STARTMSG 2221:0 @!@!@
  |line 741, col 63 to line 741, col 68 of module paulspec: 7593
@!@!@ENDMSG 2221 @!@!@
@!@!@STARTMSG 2221:0 @!@!@
  line 450, col 8 to line 450, col 33 of module paulspec: 2915
@!@!@ENDMSG 2221 @!@!@
@!@!@STARTMSG 2221:0 @!@!@
  |line 450, col 8 to line 450, col 8 of module paulspec: 2531
@!@!@ENDMSG 2221 @!@!@
@!@!@STARTMSG 2221:0 @!@!@
  |line 450, col 14 to line 450, col 33 of module paulspec: 2531
@!@!@ENDMSG 2221 @!@!@
@!@!@STARTMSG 2221:0 @!@!@
  line 459, col 12 to line 459, col 29 of module paulspec: 768
@!@!@ENDMSG 2221 @!@!@
@!@!@STARTMSG 2221:0 @!@!@
  |line 459, col 13 to line 459, col 29 of module paulspec: 384
@!@!@ENDMSG 2221 @!@!@
@!@!@STARTMSG 2221:0 @!@!@
  ||line 456, col 32 to line 456, col 95 of module paulspec: 384
@!@!@ENDMSG 2221 @!@!@
@!@!@STARTMSG 2221:0 @!@!@
  |||line 456, col 59 to line 456, col 95 of module paulspec: 311
@!@!@ENDMSG 2221 @!@!@
@!@!@STARTMSG 2221:0 @!@!@
  |||line 456, col 43 to line 456, col 55 of module paulspec: 384
@!@!@ENDMSG 2221 @!@!@
@!@!@STARTMSG 2221:0 @!@!@
  line 460, col 12 to line 460, col 50 of module paulspec: 384
@!@!@ENDMSG 2221 @!@!@
@!@!@STARTMSG 2221:0 @!@!@
  line 461, col 12 to line 461, col 124 of module paulspec: 384
@!@!@ENDMSG 2221 @!@!@
@!@!@STARTMSG 2221:0 @!@!@
  line 462, col 12 to line 462, col 73 of module paulspec: 384
@!@!@ENDMSG 2221 @!@!@
@!@!@STARTMSG 2221:0 @!@!@
  line 464, col 8 to line 464, col 154 of module paulspec: 384
@!@!@ENDMSG 2221 @!@!@
@!@!@STARTMSG 2221:0 @!@!@
  line 741, col 103 to line 741, col 103 of module paulspec: 2531
@!@!@ENDMSG 2221 @!@!@
@!@!@STARTMSG 2221:0 @!@!@
  line 741, col 106 to line 741, col 106 of module paulspec: 2531
@!@!@ENDMSG 2221 @!@!@
@!@!@STARTMSG 2221:0 @!@!@
  line 741, col 15 to line 741, col 21 of module paulspec: 1398
@!@!@ENDMSG 2221 @!@!@
@!@!@STARTMSG 2221:0 @!@!@
  line 741, col 30 to line 741, col 48 of module paulspec: 1398
@!@!@ENDMSG 2221 @!@!@
@!@!@STARTMSG 2772:0 @!@!@
<MySwitchNext line 738, col 1 to line 738, col 12 of module paulspec (742 6 742 45)>: 2:1397
@!@!@ENDMSG 2772 @!@!@
@!@!@STARTMSG 2221:0 @!@!@
  line 639, col 8 to line 639, col 24 of module paulspec: 5582
@!@!@ENDMSG 2221 @!@!@
@!@!@STARTMSG 2221:0 @!@!@
  |line 639, col 8 to line 639, col 15 of module paulspec: 4187
@!@!@ENDMSG 2221 @!@!@
@!@!@STARTMSG 2221:0 @!@!@
  |line 639, col 19 to line 639, col 24 of module paulspec: 4187
@!@!@ENDMSG 2221 @!@!@
@!@!@STARTMSG 2221:0 @!@!@
  line 658, col 14 to line 658, col 70 of module paulspec: 1395
@!@!@ENDMSG 2221 @!@!@
@!@!@STARTMSG 2221:0 @!@!@
  |line 658, col 29 to line 658, col 70 of module paulspec: 1397
@!@!@ENDMSG 2221 @!@!@
@!@!@STARTMSG 2221:0 @!@!@
  ||line 658, col 30 to line 658, col 40 of module paulspec: 1397
@!@!@ENDMSG 2221 @!@!@
@!@!@STARTMSG 2221:0 @!@!@
  ||line 658, col 49 to line 658, col 69 of module paulspec: 1397
@!@!@ENDMSG 2221 @!@!@
@!@!@STARTMSG 2221:0 @!@!@
  ||line 658, col 56 to line 658, col 69 of module paulspec: 1397
@!@!@ENDMSG 2221 @!@!@
@!@!@STARTMSG 2221:0 @!@!@
  |||line 648, col 15 to line 653, col 32 of module paulspec: 1397
@!@!@ENDMSG 2221 @!@!@
@!@!@STARTMSG 2221:0 @!@!@
  ||||line 648, col 18 to line 649, col 67 of module paulspec: 1397
@!@!@ENDMSG 2221 @!@!@
@!@!@STARTMSG 2221:0 @!@!@
  |||||line 648, col 21 to line 648, col 38 of module paulspec: 1397
@!@!@ENDMSG 2221 @!@!@
@!@!@STARTMSG 2221:0 @!@!@
  ||||||line 648, col 21 to line 648, col 32 of module paulspec: 1397
@!@!@ENDMSG 2221 @!@!@
@!@!@STARTMSG 2221:0 @!@!@
  |||||||line 644, col 28 to line 645, col 56 of module paulspec: 1397
@!@!@ENDMSG 2221 @!@!@
@!@!@STARTMSG 2221:0 @!@!@
  ||||||||line 645, col 33 to line 645, col 55 of module paulspec: 1610
@!@!@ENDMSG 2221 @!@!@
@!@!@STARTMSG 2221:0 @!@!@
  |||||||||line 645, col 33 to line 645, col 44 of module paulspec: 1610
@!@!@ENDMSG 2221 @!@!@
@!@!@STARTMSG 2221:0 @!@!@
  ||||||||||line 641, col 28 to line 642, col 67 of module paulspec: 1610
@!@!@ENDMSG 2221 @!@!@
@!@!@STARTMSG 2221:0 @!@!@
  |||||||||||line 641, col 28 to line 641, col 30 of module paulspec: 1610
@!@!@ENDMSG 2221 @!@!@
@!@!@STARTMSG 2775:0 @!@!@
  |||||||||||line 641, col 37 to line 642, col 67 of module paulspec: 1610:1613
@!@!@ENDMSG 2775 @!@!@
@!@!@STARTMSG 2221:0 @!@!@
  ||||||||||||line 642, col 42 to line 642, col 66 of module paulspec: 4830
@!@!@ENDMSG 2221 @!@!@
@!@!@STARTMSG 2221:0 @!@!@
  ||||||||||||line 641, col 44 to line 641, col 50 of module paulspec: 1610
@!@!@ENDMSG 2221 @!@!@
@!@!@STARTMSG 2221:0 @!@!@
  ||||||||||line 645, col 39 to line 645, col 43 of module paulspec: 1610
@!@!@ENDMSG 2221 @!@!@
@!@!@STARTMSG 2221:0 @!@!@
  |||||||||line 645, col 50 to line 645, col 55 of module paulspec: 1610
@!@!@ENDMSG 2221 @!@!@
@!@!@STARTMSG 2221:0 @!@!@
  ||||||||line 644, col 39 to line 644, col 52 of module paulspec: 1397
@!@!@ENDMSG 2221 @!@!@
@!@!@STARTMSG 2221:0 @!@!@
  ||||||line 648, col 37 to line 648, col 38 of module paulspec: 1397
@!@!@ENDMSG 2221 @!@!@
@!@!@STARTMSG 2221:0 @!@!@
  |||||line 649, col 21 to line 649, col 67 of module paulspec: 3
@!@!@ENDMSG 2221 @!@!@
@!@!@STARTMSG 2221:0 @!@!@
  ||||||line 649, col 21 to line 649, col 50 of module paulspec: 3
@!@!@ENDMSG 2221 @!@!@
@!@!@STARTMSG 2221:0 @!@!@
  |||||||line 649, col 21 to line 649, col 45 of module paulspec: 3
@!@!@ENDMSG 2221 @!@!@
@!@!@STARTMSG 2221:0 @!@!@
  ||||||||line 649, col 21 to line 649, col 26 of module paulspec: 3
@!@!@ENDMSG 2221 @!@!@
@!@!@STARTMSG 2221:0 @!@!@
  ||||||||line 649, col 28 to line 649, col 44 of module paulspec: 3
@!@!@ENDMSG 2221 @!@!@
@!@!@STARTMSG 2221:0 @!@!@
  |||||||||line 158, col 11 to line 158, col 46 of module paulspec: 3
@!@!@ENDMSG 2221 @!@!@
@!@!@STARTMSG 2221:0 @!@!@
  |||||||||line 649, col 32 to line 649, col 43 of module paulspec: 3
@!@!@ENDMSG 2221 @!@!@
@!@!@STARTMSG 2775:0 @!@!@
  ||||||||||line 644, col 28 to line 645, col 56 of module paulspec: 3:9
@!@!@ENDMSG 2775 @!@!@
@!@!@STARTMSG 2221:0 @!@!@
  |||||||||||line 645, col 33 to line 645, col 55 of module paulspec: 3
@!@!@ENDMSG 2221 @!@!@
@!@!@STARTMSG 2221:0 @!@!@
  ||||||||||||line 645, col 33 to line 645, col 44 of module paulspec: 3
@!@!@ENDMSG 2221 @!@!@
@!@!@STARTMSG 2221:0 @!@!@
  |||||||||||||line 641, col 28 to line 642, col 67 of module paulspec: 3
@!@!@ENDMSG 2221 @!@!@
@!@!@STARTMSG 2221:0 @!@!@
  ||||||||||||||line 641, col 28 to line 641, col 30 of module paulspec: 3
@!@!@ENDMSG 2221 @!@!@
@!@!@STARTMSG 2775:0 @!@!@
  ||||||||||||||line 641, col 37 to line 642, col 67 of module paulspec: 3:6
@!@!@ENDMSG 2775 @!@!@
@!@!@STARTMSG 2221:0 @!@!@
  |||||||||||||||line 642, col 42 to line 642, col 66 of module paulspec: 9
@!@!@ENDMSG 2221 @!@!@
@!@!@STARTMSG 2221:0 @!@!@
  |||||||||||||||line 641, col 44 to line 641, col 50 of module paulspec: 3
@!@!@ENDMSG 2221 @!@!@
@!@!@STARTMSG 2221:0 @!@!@
  |||||||||||||line 645, col 39 to line 645, col 43 of module paulspec: 3
@!@!@ENDMSG 2221 @!@!@
@!@!@STARTMSG 2221:0 @!@!@
  ||||||||||||line 645, col 50 to line 645, col 55 of module paulspec: 3
@!@!@ENDMSG 2221 @!@!@
@!@!@STARTMSG 2221:0 @!@!@
  |||||||||||line 644, col 39 to line 644, col 52 of module paulspec: 3
@!@!@ENDMSG 2221 @!@!@
@!@!@STARTMSG 2221:0 @!@!@
  ||||||line 649, col 54 to line 649, col 67 of module paulspec: 3
@!@!@ENDMSG 2221 @!@!@
@!@!@STARTMSG 2221:0 @!@!@
  ||||line 651, col 19 to line 651, col 35 of module paulspec: 3
@!@!@ENDMSG 2221 @!@!@
@!@!@STARTMSG 2221:0 @!@!@
  |||||line 158, col 11 to line 158, col 46 of module paulspec: 3
@!@!@ENDMSG 2221 @!@!@
@!@!@STARTMSG 2221:0 @!@!@
  |||||line 651, col 23 to line 651, col 34 of module paulspec: 3
@!@!@ENDMSG 2221 @!@!@
@!@!@STARTMSG 2775:0 @!@!@
  ||||||line 644, col 28 to line 645, col 56 of module paulspec: 3:9
@!@!@ENDMSG 2775 @!@!@
@!@!@STARTMSG 2221:0 @!@!@
  |||||||line 645, col 33 to line 645, col 55 of module paulspec: 3
@!@!@ENDMSG 2221 @!@!@
@!@!@STARTMSG 2221:0 @!@!@
  ||||||||line 645, col 33 to line 645, col 44 of module paulspec: 3
@!@!@ENDMSG 2221 @!@!@
@!@!@STARTMSG 2221:0 @!@!@
  |||||||||line 641, col 28 to line 642, col 67 of module paulspec: 3
@!@!@ENDMSG 2221 @!@!@
@!@!@STARTMSG 2221:0 @!@!@
  ||||||||||line 641, col 28 to line 641, col 30 of module paulspec: 3
@!@!@ENDMSG 2221 @!@!@
@!@!@STARTMSG 2775:0 @!@!@
  ||||||||||line 641, col 37 to line 642, col 67 of module paulspec: 3:6
@!@!@ENDMSG 2775 @!@!@
@!@!@STARTMSG 2221:0 @!@!@
  |||||||||||line 642, col 42 to line 642, col 66 of module paulspec: 9
@!@!@ENDMSG 2221 @!@!@
@!@!@STARTMSG 2221:0 @!@!@
  |||||||||||line 641, col 44 to line 641, col 50 of module paulspec: 3
@!@!@ENDMSG 2221 @!@!@
@!@!@STARTMSG 2221:0 @!@!@
  |||||||||line 645, col 39 to line 645, col 43 of module paulspec: 3
@!@!@ENDMSG 2221 @!@!@
@!@!@STARTMSG 2221:0 @!@!@
  ||||||||line 645, col 50 to line 645, col 55 of module paulspec: 3
@!@!@ENDMSG 2221 @!@!@
@!@!@STARTMSG 2221:0 @!@!@
  |||||||line 644, col 39 to line 644, col 52 of module paulspec: 3
@!@!@ENDMSG 2221 @!@!@
@!@!@STARTMSG 2221:0 @!@!@
  ||||line 653, col 19 to line 653, col 32 of module paulspec: 1394
@!@!@ENDMSG 2221 @!@!@
@!@!@STARTMSG 2221:0 @!@!@
  line 660, col 14 to line 664, col 47 of module paulspec: 1395
@!@!@ENDMSG 2221 @!@!@
@!@!@STARTMSG 2775:0 @!@!@
  |line 661, col 16 to line 664, col 47 of module paulspec: 1397:1610
@!@!@ENDMSG 2775 @!@!@
@!@!@STARTMSG 2221:0 @!@!@
  line 665, col 8 to line 665, col 117 of module paulspec: 1395
@!@!@ENDMSG 2221 @!@!@
@!@!@STARTMSG 2221:0 @!@!@
  line 742, col 44 to line 742, col 44 of module paulspec: 4187
@!@!@ENDMSG 2221 @!@!@
@!@!@STARTMSG 2221:0 @!@!@
  line 742, col 15 to line 742, col 21 of module paulspec: 1397
@!@!@ENDMSG 2221 @!@!@
@!@!@STARTMSG 2772:0 @!@!@
<MySwitchNext line 738, col 1 to line 738, col 12 of module paulspec (743 6 743 55)>: 1032:2626
@!@!@ENDMSG 2772 @!@!@
@!@!@STARTMSG 2221:0 @!@!@
  line 743, col 27 to line 743, col 32 of module paulspec: 15172
@!@!@ENDMSG 2221 @!@!@
@!@!@STARTMSG 2221:0 @!@!@
  |line 743, col 27 to line 743, col 27 of module paulspec: 12546
@!@!@ENDMSG 2221 @!@!@
@!@!@STARTMSG 2221:0 @!@!@
  |line 743, col 32 to line 743, col 32 of module paulspec: 12546
@!@!@ENDMSG 2221 @!@!@
@!@!@STARTMSG 2221:0 @!@!@
  line 470, col 8 to line 470, col 13 of module paulspec: 10990
@!@!@ENDMSG 2221 @!@!@
@!@!@STARTMSG 2221:0 @!@!@
  |line 470, col 8 to line 470, col 8 of module paulspec: 8364
@!@!@ENDMSG 2221 @!@!@
@!@!@STARTMSG 2221:0 @!@!@
  |line 470, col 13 to line 470, col 13 of module paulspec: 8364
@!@!@ENDMSG 2221 @!@!@
@!@!@STARTMSG 2221:0 @!@!@
  line 471, col 8 to line 471, col 24 of module paulspec: 10990
@!@!@ENDMSG 2221 @!@!@
@!@!@STARTMSG 2221:0 @!@!@
  |line 471, col 8 to line 471, col 15 of module paulspec: 8364
@!@!@ENDMSG 2221 @!@!@
@!@!@STARTMSG 2221:0 @!@!@
  |line 471, col 19 to line 471, col 24 of module paulspec: 8364
@!@!@ENDMSG 2221 @!@!@
@!@!@STARTMSG 2221:0 @!@!@
  line 472, col 8 to line 472, col 22 of module paulspec: 2626
@!@!@ENDMSG 2221 @!@!@
@!@!@STARTMSG 2221:0 @!@!@
  |line 472, col 8 to line 472, col 18 of module paulspec: 2788
@!@!@ENDMSG 2221 @!@!@
@!@!@STARTMSG 2221:0 @!@!@
  line 473, col 8 to line 473, col 37 of module paulspec: 2626
@!@!@ENDMSG 2221 @!@!@
@!@!@STARTMSG 2221:0 @!@!@
  line 474, col 8 to line 474, col 41 of module paulspec: 2626
@!@!@ENDMSG 2221 @!@!@
@!@!@STARTMSG 2221:0 @!@!@
  line 144, col 12 to line 144, col 47 of module paulspec: 2626
@!@!@ENDMSG 2221 @!@!@
@!@!@STARTMSG 2221:0 @!@!@
  |line 144, col 24 to line 144, col 47 of module paulspec: 2626
@!@!@ENDMSG 2221 @!@!@
@!@!@STARTMSG 2221:0 @!@!@
  ||line 131, col 5 to line 135, col 24 of module paulspec: 2626
@!@!@ENDMSG 2221 @!@!@
@!@!@STARTMSG 2221:0 @!@!@
  |||line 131, col 8 to line 131, col 24 of module paulspec: 2626
@!@!@ENDMSG 2221 @!@!@
@!@!@STARTMSG 2221:0 @!@!@
  |||line 132, col 9 to line 132, col 12 of module paulspec: 1355
@!@!@ENDMSG 2221 @!@!@
@!@!@STARTMSG 2221:0 @!@!@
  |||line 135, col 9 to line 135, col 24 of module paulspec: 1271
@!@!@ENDMSG 2221 @!@!@
@!@!@STARTMSG 2221:0 @!@!@
  ||line 144, col 39 to line 144, col 46 of module paulspec: 2626
@!@!@ENDMSG 2221 @!@!@
@!@!@STARTMSG 2221:0 @!@!@
  line 489, col 16 to line 499, col 37 of module paulspec: 2626
@!@!@ENDMSG 2221 @!@!@
@!@!@STARTMSG 2221:0 @!@!@
  |line 489, col 17 to line 489, col 55 of module paulspec: 2626
@!@!@ENDMSG 2221 @!@!@
@!@!@STARTMSG 2221:0 @!@!@
  |line 490, col 17 to line 490, col 49 of module paulspec: 2626
@!@!@ENDMSG 2221 @!@!@
@!@!@STARTMSG 2221:0 @!@!@
  |line 491, col 17 to line 491, col 47 of module paulspec: 2626
@!@!@ENDMSG 2221 @!@!@
@!@!@STARTMSG 2221:0 @!@!@
  |line 492, col 17 to line 492, col 46 of module paulspec: 2626
@!@!@ENDMSG 2221 @!@!@
@!@!@STARTMSG 2221:0 @!@!@
  |line 493, col 17 to line 493, col 42 of module paulspec: 2626
@!@!@ENDMSG 2221 @!@!@
@!@!@STARTMSG 2221:0 @!@!@
  |line 496, col 17 to line 496, col 41 of module paulspec: 2626
@!@!@ENDMSG 2221 @!@!@
@!@!@STARTMSG 2221:0 @!@!@
  |line 497, col 36 to line 497, col 68 of module paulspec: 2626
@!@!@ENDMSG 2221 @!@!@
@!@!@STARTMSG 2221:0 @!@!@
  ||line 156, col 11 to line 156, col 46 of module paulspec: 2626
@!@!@ENDMSG 2221 @!@!@
@!@!@STARTMSG 2221:0 @!@!@
  |||line 156, col 28 to line 156, col 46 of module paulspec: 2626
@!@!@ENDMSG 2221 @!@!@
@!@!@STARTMSG 2221:0 @!@!@
  ||||line 156, col 41 to line 156, col 46 of module paulspec: 5252
@!@!@ENDMSG 2221 @!@!@
@!@!@STARTMSG 2221:0 @!@!@
  ||||line 156, col 37 to line 156, col 37 of module paulspec: 2626
@!@!@ENDMSG 2221 @!@!@
@!@!@STARTMSG 2221:0 @!@!@
  |||line 156, col 24 to line 156, col 24 of module paulspec: 2626
@!@!@ENDMSG 2221 @!@!@
@!@!@STARTMSG 2775:0 @!@!@
  ||line 497, col 40 to line 497, col 67 of module paulspec: 2626:10504
@!@!@ENDMSG 2775 @!@!@
@!@!@STARTMSG 2221:0 @!@!@
  |line 498, col 17 to line 498, col 36 of module paulspec: 2626
@!@!@ENDMSG 2221 @!@!@
@!@!@STARTMSG 2221:0 @!@!@
  |line 499, col 17 to line 499, col 36 of module paulspec: 2626
@!@!@ENDMSG 2221 @!@!@
@!@!@STARTMSG 2221:0 @!@!@
  line 500, col 11 to line 503, col 33 of module paulspec: 2626
@!@!@ENDMSG 2221 @!@!@
@!@!@STARTMSG 2221:0 @!@!@
  line 504, col 8 to line 504, col 111 of module paulspec: 2626
@!@!@ENDMSG 2221 @!@!@
@!@!@STARTMSG 2221:0 @!@!@
  line 743, col 51 to line 743, col 51 of module paulspec: 8364
@!@!@ENDMSG 2221 @!@!@
@!@!@STARTMSG 2221:0 @!@!@
  line 743, col 54 to line 743, col 54 of module paulspec: 8364
@!@!@ENDMSG 2221 @!@!@
@!@!@STARTMSG 2221:0 @!@!@
  line 743, col 17 to line 743, col 23 of module paulspec: 1394
@!@!@ENDMSG 2221 @!@!@
@!@!@STARTMSG 2772:0 @!@!@
<MySwitchNext line 738, col 1 to line 738, col 12 of module paulspec (744 6 744 121)>: 1433:1549
@!@!@ENDMSG 2772 @!@!@
@!@!@STARTMSG 2221:0 @!@!@
  line 329, col 8 to line 329, col 31 of module paulspec: 1432
@!@!@ENDMSG 2221 @!@!@
@!@!@STARTMSG 2221:0 @!@!@
  line 331, col 8 to line 331, col 60 of module paulspec: 0
@!@!@ENDMSG 2221 @!@!@
@!@!@STARTMSG 2221:0 @!@!@
  line 332, col 8 to line 332, col 61 of module paulspec: 0
@!@!@ENDMSG 2221 @!@!@
@!@!@STARTMSG 2221:0 @!@!@
  line 333, col 8 to line 333, col 56 of module paulspec: 0
@!@!@ENDMSG 2221 @!@!@
@!@!@STARTMSG 2221:0 @!@!@
  line 335, col 8 to line 335, col 86 of module paulspec: 0
@!@!@ENDMSG 2221 @!@!@
@!@!@STARTMSG 2221:0 @!@!@
  line 695, col 22 to line 695, col 22 of module paulspec: 1432
@!@!@ENDMSG 2221 @!@!@
@!@!@STARTMSG 2221:0 @!@!@
  line 696, col 14 to line 696, col 41 of module paulspec: 1432
@!@!@ENDMSG 2221 @!@!@
@!@!@STARTMSG 2221:0 @!@!@
  line 363, col 24 to line 363, col 61 of module paulspec: 0
@!@!@ENDMSG 2221 @!@!@
@!@!@STARTMSG 2221:0 @!@!@
  line 364, col 24 to line 364, col 41 of module paulspec: 0
@!@!@ENDMSG 2221 @!@!@
@!@!@STARTMSG 2221:0 @!@!@
  line 153, col 5 to line 153, col 72 of module paulspec: 0
@!@!@ENDMSG 2221 @!@!@
@!@!@STARTMSG 2221:0 @!@!@
  line 374, col 11 to line 374, col 99 of module paulspec: 0
@!@!@ENDMSG 2221 @!@!@
@!@!@STARTMSG 2221:0 @!@!@
  line 698, col 14 to line 698, col 42 of module paulspec: 1432
@!@!@ENDMSG 2221 @!@!@
@!@!@STARTMSG 2221:0 @!@!@
  line 148, col 15 to line 148, col 53 of module paulspec: 0
@!@!@ENDMSG 2221 @!@!@
@!@!@STARTMSG 2221:0 @!@!@
  line 398, col 8 to line 398, col 88 of module paulspec: 0
@!@!@ENDMSG 2221 @!@!@
@!@!@STARTMSG 2221:0 @!@!@
  line 382, col 8 to line 383, col 57 of module paulspec: 0
@!@!@ENDMSG 2221 @!@!@
@!@!@STARTMSG 2221:0 @!@!@
  line 385, col 14 to line 386, col 59 of module paulspec: 0
@!@!@ENDMSG 2221 @!@!@
@!@!@STARTMSG 2221:0 @!@!@
  line 387, col 14 to line 388, col 59 of module paulspec: 0
@!@!@ENDMSG 2221 @!@!@
@!@!@STARTMSG 2221:0 @!@!@
  line 390, col 14 to line 390, col 49 of module paulspec: 0
@!@!@ENDMSG 2221 @!@!@
@!@!@STARTMSG 2221:0 @!@!@
  line 148, col 15 to line 148, col 53 of module paulspec: 0
@!@!@ENDMSG 2221 @!@!@
@!@!@STARTMSG 2221:0 @!@!@
  line 392, col 8 to line 392, col 83 of module paulspec: 0
@!@!@ENDMSG 2221 @!@!@
@!@!@STARTMSG 2221:0 @!@!@
  line 701, col 14 to line 701, col 43 of module paulspec: 2488
@!@!@ENDMSG 2221 @!@!@
@!@!@STARTMSG 2221:0 @!@!@
  |line 701, col 14 to line 701, col 20 of module paulspec: 1432
@!@!@ENDMSG 2221 @!@!@
@!@!@STARTMSG 2221:0 @!@!@
  |line 701, col 24 to line 701, col 43 of module paulspec: 1432
@!@!@ENDMSG 2221 @!@!@
@!@!@STARTMSG 2221:0 @!@!@
  line 527, col 11 to line 527, col 35 of module paulspec: 1056
@!@!@ENDMSG 2221 @!@!@
@!@!@STARTMSG 2221:0 @!@!@
  line 529, col 20 to line 529, col 43 of module paulspec: 1056
@!@!@ENDMSG 2221 @!@!@
@!@!@STARTMSG 2221:0 @!@!@
  line 530, col 20 to line 532, col 33 of module paulspec: 1056
@!@!@ENDMSG 2221 @!@!@
@!@!@STARTMSG 2221:0 @!@!@
  line 533, col 23 to line 533, col 46 of module paulspec: 1790
@!@!@ENDMSG 2221 @!@!@
@!@!@STARTMSG 2221:0 @!@!@
  |line 533, col 23 to line 533, col 29 of module paulspec: 1056
@!@!@ENDMSG 2221 @!@!@
@!@!@STARTMSG 2221:0 @!@!@
  |line 533, col 33 to line 533, col 46 of module paulspec: 1056
@!@!@ENDMSG 2221 @!@!@
@!@!@STARTMSG 2221:0 @!@!@
  line 534, col 23 to line 534, col 41 of module paulspec: 1790
@!@!@ENDMSG 2221 @!@!@
@!@!@STARTMSG 2221:0 @!@!@
  |line 534, col 23 to line 534, col 30 of module paulspec: 1056
@!@!@ENDMSG 2221 @!@!@
@!@!@STARTMSG 2221:0 @!@!@
  |line 534, col 34 to line 534, col 41 of module paulspec: 1056
@!@!@ENDMSG 2221 @!@!@
@!@!@STARTMSG 2221:0 @!@!@
  line 518, col 14 to line 518, col 31 of module paulspec: 1790
@!@!@ENDMSG 2221 @!@!@
@!@!@STARTMSG 2221:0 @!@!@
  |line 518, col 14 to line 518, col 23 of module paulspec: 1056
@!@!@ENDMSG 2221 @!@!@
@!@!@STARTMSG 2221:0 @!@!@
  |line 518, col 28 to line 518, col 31 of module paulspec: 1056
@!@!@ENDMSG 2221 @!@!@
@!@!@STARTMSG 2221:0 @!@!@
  line 523, col 14 to line 525, col 56 of module paulspec: 1790
@!@!@ENDMSG 2221 @!@!@
@!@!@STARTMSG 2221:0 @!@!@
  |line 523, col 22 to line 525, col 54 of module paulspec: 1056
@!@!@ENDMSG 2221 @!@!@
@!@!@STARTMSG 2221:0 @!@!@
  ||line 523, col 25 to line 523, col 50 of module paulspec: 1056
@!@!@ENDMSG 2221 @!@!@
@!@!@STARTMSG 2221:0 @!@!@
  ||line 524, col 25 to line 524, col 49 of module paulspec: 322
@!@!@ENDMSG 2221 @!@!@
@!@!@STARTMSG 2221:0 @!@!@
  ||line 525, col 25 to line 525, col 54 of module paulspec: 322
@!@!@ENDMSG 2221 @!@!@
@!@!@STARTMSG 2221:0 @!@!@
  line 153, col 5 to line 153, col 72 of module paulspec: 734
@!@!@ENDMSG 2221 @!@!@
@!@!@STARTMSG 2221:0 @!@!@
  |line 153, col 17 to line 153, col 72 of module paulspec: 734
@!@!@ENDMSG 2221 @!@!@
@!@!@STARTMSG 2221:0 @!@!@
  ||line 138, col 5 to line 141, col 12 of module paulspec: 734
@!@!@ENDMSG 2221 @!@!@
@!@!@STARTMSG 2221:0 @!@!@
  ||line 153, col 41 to line 153, col 71 of module paulspec: 734
@!@!@ENDMSG 2221 @!@!@
@!@!@STARTMSG 2221:0 @!@!@
  |||line 131, col 5 to line 135, col 24 of module paulspec: 734
@!@!@ENDMSG 2221 @!@!@
@!@!@STARTMSG 2221:0 @!@!@
  ||||line 131, col 8 to line 131, col 24 of module paulspec: 734
@!@!@ENDMSG 2221 @!@!@
@!@!@STARTMSG 2221:0 @!@!@
  ||||line 132, col 9 to line 132, col 12 of module paulspec: 4
@!@!@ENDMSG 2221 @!@!@
@!@!@STARTMSG 2221:0 @!@!@
  ||||line 135, col 9 to line 135, col 24 of module paulspec: 730
@!@!@ENDMSG 2221 @!@!@
@!@!@STARTMSG 2221:0 @!@!@
  |||line 153, col 63 to line 153, col 70 of module paulspec: 734
@!@!@ENDMSG 2221 @!@!@
@!@!@STARTMSG 2221:0 @!@!@
  line 536, col 23 to line 541, col 45 of module paulspec: 734
@!@!@ENDMSG 2221 @!@!@
@!@!@STARTMSG 2221:0 @!@!@
  line 543, col 17 to line 543, col 68 of module paulspec: 734
@!@!@ENDMSG 2221 @!@!@
@!@!@STARTMSG 2221:0 @!@!@
  line 545, col 17 to line 545, col 40 of module paulspec: 1056
@!@!@ENDMSG 2221 @!@!@
@!@!@STARTMSG 2221:0 @!@!@
  line 546, col 17 to line 546, col 36 of module paulspec: 1056
@!@!@ENDMSG 2221 @!@!@
@!@!@STARTMSG 2221:0 @!@!@
  line 547, col 17 to line 547, col 55 of module paulspec: 0
@!@!@ENDMSG 2221 @!@!@
@!@!@STARTMSG 2221:0 @!@!@
  line 548, col 17 to line 548, col 89 of module paulspec: 0
@!@!@ENDMSG 2221 @!@!@
@!@!@STARTMSG 2221:0 @!@!@
  line 550, col 17 to line 550, col 40 of module paulspec: 1495
@!@!@ENDMSG 2221 @!@!@
@!@!@STARTMSG 2221:0 @!@!@
  |line 550, col 17 to line 550, col 23 of module paulspec: 1056
@!@!@ENDMSG 2221 @!@!@
@!@!@STARTMSG 2221:0 @!@!@
  |line 550, col 27 to line 550, col 40 of module paulspec: 1056
@!@!@ENDMSG 2221 @!@!@
@!@!@STARTMSG 2221:0 @!@!@
  line 551, col 17 to line 551, col 35 of module paulspec: 1495
@!@!@ENDMSG 2221 @!@!@
@!@!@STARTMSG 2221:0 @!@!@
  |line 551, col 17 to line 551, col 24 of module paulspec: 1056
@!@!@ENDMSG 2221 @!@!@
@!@!@STARTMSG 2221:0 @!@!@
  |line 551, col 28 to line 551, col 35 of module paulspec: 1056
@!@!@ENDMSG 2221 @!@!@
@!@!@STARTMSG 2221:0 @!@!@
  line 511, col 21 to line 511, col 39 of module paulspec: 1495
@!@!@ENDMSG 2221 @!@!@
@!@!@STARTMSG 2221:0 @!@!@
  |line 511, col 21 to line 511, col 35 of module paulspec: 1056
@!@!@ENDMSG 2221 @!@!@
@!@!@STARTMSG 2221:0 @!@!@
  line 512, col 21 to line 514, col 68 of module paulspec: 1056
@!@!@ENDMSG 2221 @!@!@
@!@!@STARTMSG 2221:0 @!@!@
  line 555, col 30 to line 555, col 47 of module paulspec: 1056
@!@!@ENDMSG 2221 @!@!@
@!@!@STARTMSG 2221:0 @!@!@
  line 556, col 33 to line 556, col 51 of module paulspec: 1173
@!@!@ENDMSG 2221 @!@!@
@!@!@STARTMSG 2221:0 @!@!@
  |line 556, col 33 to line 556, col 42 of module paulspec: 1056
@!@!@ENDMSG 2221 @!@!@
@!@!@STARTMSG 2221:0 @!@!@
  |line 556, col 47 to line 556, col 51 of module paulspec: 1056
@!@!@ENDMSG 2221 @!@!@
@!@!@STARTMSG 2221:0 @!@!@
  line 557, col 33 to line 557, col 52 of module paulspec: 117
@!@!@ENDMSG 2221 @!@!@
@!@!@STARTMSG 2221:0 @!@!@
  |line 557, col 33 to line 557, col 43 of module paulspec: 1056
@!@!@ENDMSG 2221 @!@!@
@!@!@STARTMSG 2221:0 @!@!@
  |line 557, col 48 to line 557, col 52 of module paulspec: 1056
@!@!@ENDMSG 2221 @!@!@
@!@!@STARTMSG 2221:0 @!@!@
  line 558, col 33 to line 558, col 71 of module paulspec: 234
@!@!@ENDMSG 2221 @!@!@
@!@!@STARTMSG 2221:0 @!@!@
  |line 558, col 33 to line 558, col 50 of module paulspec: 117
@!@!@ENDMSG 2221 @!@!@
@!@!@STARTMSG 2221:0 @!@!@
  |line 558, col 54 to line 558, col 71 of module paulspec: 117
@!@!@ENDMSG 2221 @!@!@
@!@!@STARTMSG 2221:0 @!@!@
  line 562, col 27 to line 563, col 61 of module paulspec: 117
@!@!@ENDMSG 2221 @!@!@
@!@!@STARTMSG 2221:0 @!@!@
  line 569, col 27 to line 576, col 35 of module paulspec: 117
@!@!@ENDMSG 2221 @!@!@
@!@!@STARTMSG 2221:0 @!@!@
  line 577, col 27 to line 577, col 74 of module paulspec: 117
@!@!@ENDMSG 2221 @!@!@
@!@!@STARTMSG 2221:0 @!@!@
  line 580, col 27 to line 580, col 45 of module paulspec: 1056
@!@!@ENDMSG 2221 @!@!@
@!@!@STARTMSG 2221:0 @!@!@
  line 581, col 27 to line 581, col 46 of module paulspec: 1056
@!@!@ENDMSG 2221 @!@!@
@!@!@STARTMSG 2221:0 @!@!@
  line 582, col 27 to line 582, col 66 of module paulspec: 117
@!@!@ENDMSG 2221 @!@!@
@!@!@STARTMSG 2221:0 @!@!@
  line 584, col 30 to line 584, col 62 of module paulspec: 0
@!@!@ENDMSG 2221 @!@!@
@!@!@STARTMSG 2221:0 @!@!@
  line 588, col 27 to line 588, col 92 of module paulspec: 0
@!@!@ENDMSG 2221 @!@!@
@!@!@STARTMSG 2221:0 @!@!@
  line 590, col 27 to line 590, col 45 of module paulspec: 1378
@!@!@ENDMSG 2221 @!@!@
@!@!@STARTMSG 2221:0 @!@!@
  |line 590, col 27 to line 590, col 36 of module paulspec: 1056
@!@!@ENDMSG 2221 @!@!@
@!@!@STARTMSG 2221:0 @!@!@
  |line 590, col 41 to line 590, col 45 of module paulspec: 1056
@!@!@ENDMSG 2221 @!@!@
@!@!@STARTMSG 2221:0 @!@!@
  line 591, col 27 to line 591, col 55 of module paulspec: 1378
@!@!@ENDMSG 2221 @!@!@
@!@!@STARTMSG 2221:0 @!@!@
  |line 591, col 27 to line 591, col 37 of module paulspec: 1056
@!@!@ENDMSG 2221 @!@!@
@!@!@STARTMSG 2221:0 @!@!@
  |line 591, col 41 to line 591, col 55 of module paulspec: 1056
@!@!@ENDMSG 2221 @!@!@
@!@!@STARTMSG 2221:0 @!@!@
  line 592, col 27 to line 592, col 51 of module paulspec: 1261
@!@!@ENDMSG 2221 @!@!@
@!@!@STARTMSG 2221:0 @!@!@
  |line 592, col 33 to line 592, col 51 of module paulspec: 939
@!@!@ENDMSG 2221 @!@!@
@!@!@STARTMSG 2221:0 @!@!@
  ||line 518, col 11 to line 525, col 56 of module paulspec: 939
@!@!@ENDMSG 2221 @!@!@
@!@!@STARTMSG 2221:0 @!@!@
  |||line 518, col 14 to line 518, col 31 of module paulspec: 939
@!@!@ENDMSG 2221 @!@!@
@!@!@STARTMSG 2221:0 @!@!@
  |||line 521, col 29 to line 521, col 38 of module paulspec: 322
@!@!@ENDMSG 2221 @!@!@
@!@!@STARTMSG 2221:0 @!@!@
  |||line 520, col 23 to line 520, col 33 of module paulspec: 939
@!@!@ENDMSG 2221 @!@!@
@!@!@STARTMSG 2221:0 @!@!@
  |||line 519, col 27 to line 519, col 39 of module paulspec: 939
@!@!@ENDMSG 2221 @!@!@
@!@!@STARTMSG 2221:0 @!@!@
  |||line 523, col 14 to line 525, col 56 of module paulspec: 939
@!@!@ENDMSG 2221 @!@!@
@!@!@STARTMSG 2221:0 @!@!@
  ||||line 523, col 22 to line 525, col 54 of module paulspec: 939
@!@!@ENDMSG 2221 @!@!@
@!@!@STARTMSG 2221:0 @!@!@
  |||||line 523, col 25 to line 523, col 50 of module paulspec: 939
@!@!@ENDMSG 2221 @!@!@
@!@!@STARTMSG 2221:0 @!@!@
  |||||line 524, col 25 to line 524, col 49 of module paulspec: 322
@!@!@ENDMSG 2221 @!@!@
@!@!@STARTMSG 2221:0 @!@!@
  |||||line 525, col 25 to line 525, col 54 of module paulspec: 322
@!@!@ENDMSG 2221 @!@!@
@!@!@STARTMSG 2221:0 @!@!@
  line 600, col 30 to line 601, col 112 of module paulspec: 322
@!@!@ENDMSG 2221 @!@!@
@!@!@STARTMSG 2221:0 @!@!@
  line 604, col 27 to line 604, col 73 of module paulspec: 322
@!@!@ENDMSG 2221 @!@!@
@!@!@STARTMSG 2221:0 @!@!@
  line 605, col 11 to line 605, col 124 of module paulspec: 1173
@!@!@ENDMSG 2221 @!@!@
@!@!@STARTMSG 2221:0 @!@!@
  line 702, col 41 to line 702, col 41 of module paulspec: 1056
@!@!@ENDMSG 2221 @!@!@
@!@!@STARTMSG 2221:0 @!@!@
  line 702, col 44 to line 702, col 44 of module paulspec: 734
@!@!@ENDMSG 2221 @!@!@
@!@!@STARTMSG 2221:0 @!@!@
  line 703, col 14 to line 703, col 44 of module paulspec: 1808
@!@!@ENDMSG 2221 @!@!@
@!@!@STARTMSG 2221:0 @!@!@
  |line 703, col 14 to line 703, col 20 of module paulspec: 1432
@!@!@ENDMSG 2221 @!@!@
@!@!@STARTMSG 2221:0 @!@!@
  |line 703, col 24 to line 703, col 44 of module paulspec: 1432
@!@!@ENDMSG 2221 @!@!@
@!@!@STARTMSG 2221:0 @!@!@
  line 396, col 8 to line 396, col 31 of module paulspec: 376
@!@!@ENDMSG 2221 @!@!@
@!@!@STARTMSG 2221:0 @!@!@
  line 148, col 15 to line 148, col 53 of module paulspec: 0
@!@!@ENDMSG 2221 @!@!@
@!@!@STARTMSG 2221:0 @!@!@
  line 398, col 8 to line 398, col 88 of module paulspec: 0
@!@!@ENDMSG 2221 @!@!@
@!@!@STARTMSG 2221:0 @!@!@
  line 704, col 35 to line 704, col 35 of module paulspec: 376
@!@!@ENDMSG 2221 @!@!@
@!@!@STARTMSG 2221:0 @!@!@
  line 610, col 8 to line 610, col 31 of module paulspec: 752
@!@!@ENDMSG 2221 @!@!@
@!@!@STARTMSG 2221:0 @!@!@
  |line 610, col 8 to line 610, col 14 of module paulspec: 376
@!@!@ENDMSG 2221 @!@!@
@!@!@STARTMSG 2221:0 @!@!@
  |line 610, col 18 to line 610, col 31 of module paulspec: 376
@!@!@ENDMSG 2221 @!@!@
@!@!@STARTMSG 2221:0 @!@!@
  line 611, col 14 to line 611, col 23 of module paulspec: 406
@!@!@ENDMSG 2221 @!@!@
@!@!@STARTMSG 2221:0 @!@!@
  |line 611, col 14 to line 611, col 14 of module paulspec: 376
@!@!@ENDMSG 2221 @!@!@
@!@!@STARTMSG 2221:0 @!@!@
  line 618, col 17 to line 626, col 42 of module paulspec: 30
@!@!@ENDMSG 2221 @!@!@
@!@!@STARTMSG 2221:0 @!@!@
  line 627, col 14 to line 627, col 29 of module paulspec: 722
@!@!@ENDMSG 2221 @!@!@
@!@!@STARTMSG 2221:0 @!@!@
  |line 627, col 20 to line 627, col 29 of module paulspec: 376
@!@!@ENDMSG 2221 @!@!@
@!@!@STARTMSG 2221:0 @!@!@
  line 628, col 14 to line 629, col 61 of module paulspec: 346
@!@!@ENDMSG 2221 @!@!@
@!@!@STARTMSG 2221:0 @!@!@
  |line 628, col 27 to line 629, col 61 of module paulspec: 346
@!@!@ENDMSG 2221 @!@!@
@!@!@STARTMSG 2221:0 @!@!@
  ||line 628, col 28 to line 628, col 36 of module paulspec: 346
@!@!@ENDMSG 2221 @!@!@
@!@!@STARTMSG 2221:0 @!@!@
  ||line 628, col 45 to line 629, col 60 of module paulspec: 346
@!@!@ENDMSG 2221 @!@!@
@!@!@STARTMSG 2221:0 @!@!@
  ||line 629, col 32 to line 629, col 60 of module paulspec: 346
@!@!@ENDMSG 2221 @!@!@
@!@!@STARTMSG 2221:0 @!@!@
  |||line 158, col 11 to line 158, col 46 of module paulspec: 346
@!@!@ENDMSG 2221 @!@!@
@!@!@STARTMSG 2221:0 @!@!@
  ||||line 158, col 28 to line 158, col 46 of module paulspec: 692
@!@!@ENDMSG 2221 @!@!@
@!@!@STARTMSG 2221:0 @!@!@
  |||||line 158, col 41 to line 158, col 46 of module paulspec: 1384
@!@!@ENDMSG 2221 @!@!@
@!@!@STARTMSG 2221:0 @!@!@
  |||||line 158, col 37 to line 158, col 37 of module paulspec: 692
@!@!@ENDMSG 2221 @!@!@
@!@!@STARTMSG 2221:0 @!@!@
  ||||line 158, col 24 to line 158, col 24 of module paulspec: 346
@!@!@ENDMSG 2221 @!@!@
@!@!@STARTMSG 2775:0 @!@!@
  |||line 629, col 36 to line 629, col 59 of module paulspec: 346:2768
@!@!@ENDMSG 2775 @!@!@
@!@!@STARTMSG 2221:0 @!@!@
  line 630, col 14 to line 630, col 55 of module paulspec: 346
@!@!@ENDMSG 2221 @!@!@
@!@!@STARTMSG 2221:0 @!@!@
  line 631, col 8 to line 631, col 17 of module paulspec: 376
@!@!@ENDMSG 2221 @!@!@
@!@!@STARTMSG 2221:0 @!@!@
  line 632, col 8 to line 632, col 99 of module paulspec: 376
@!@!@ENDMSG 2221 @!@!@
@!@!@STARTMSG 2221:0 @!@!@
  line 705, col 45 to line 705, col 45 of module paulspec: 376
@!@!@ENDMSG 2221 @!@!@
@!@!@STARTMSG 2221:0 @!@!@
  line 705, col 48 to line 705, col 48 of module paulspec: 376
@!@!@ENDMSG 2221 @!@!@
@!@!@STARTMSG 2221:0 @!@!@
  line 744, col 120 to line 744, col 120 of module paulspec: 1432
@!@!@ENDMSG 2221 @!@!@
@!@!@STARTMSG 2775:0 @!@!@
  line 744, col 15 to line 744, col 108 of module paulspec: 1393:2825
@!@!@ENDMSG 2775 @!@!@
@!@!@STARTMSG 2221:0 @!@!@
  |line 744, col 49 to line 744, col 107 of module paulspec: 1432
@!@!@ENDMSG 2221 @!@!@
@!@!@STARTMSG 2221:0 @!@!@
  |line 744, col 24 to line 744, col 45 of module paulspec: 1393
@!@!@ENDMSG 2221 @!@!@
@!@!@STARTMSG 2775:0 @!@!@
  ||line 163, col 5 to line 163, col 43 of module paulspec: 1393:2825
@!@!@ENDMSG 2775 @!@!@
@!@!@STARTMSG 2221:0 @!@!@
  |||line 163, col 31 to line 163, col 41 of module paulspec: 1978
@!@!@ENDMSG 2221 @!@!@
@!@!@STARTMSG 2221:0 @!@!@
  |||line 163, col 13 to line 163, col 27 of module paulspec: 1393
@!@!@ENDMSG 2221 @!@!@
@!@!@STARTMSG 2221:0 @!@!@
  ||line 744, col 37 to line 744, col 44 of module paulspec: 1210
@!@!@ENDMSG 2221 @!@!@
@!@!@STARTMSG 2774:0 @!@!@
<MoreThanOneLeaderInv line 756, col 1 to line 756, col 20 of module paulspec>
@!@!@ENDMSG 2774 @!@!@
@!@!@STARTMSG 2221:0 @!@!@
  line 757, col 5 to line 761, col 16 of module paulspec: 3034
@!@!@ENDMSG 2221 @!@!@
@!@!@STARTMSG 2221:0 @!@!@
  |line 758, col 9 to line 761, col 16 of module paulspec: 27306
@!@!@ENDMSG 2221 @!@!@
@!@!@STARTMSG 2221:0 @!@!@
  ||line 758, col 10 to line 760, col 29 of module paulspec: 27306
@!@!@ENDMSG 2221 @!@!@
@!@!@STARTMSG 2221:0 @!@!@
  |||line 758, col 13 to line 758, col 43 of module paulspec: 27306
@!@!@ENDMSG 2221 @!@!@
@!@!@STARTMSG 2221:0 @!@!@
  |||line 759, col 13 to line 759, col 29 of module paulspec: 27306
@!@!@ENDMSG 2221 @!@!@
@!@!@STARTMSG 2221:0 @!@!@
  |||line 760, col 13 to line 760, col 29 of module paulspec: 9102
@!@!@ENDMSG 2221 @!@!@
@!@!@STARTMSG 2221:0 @!@!@
  ||line 761, col 12 to line 761, col 16 of module paulspec: 3034
@!@!@ENDMSG 2221 @!@!@
@!@!@STARTMSG 2221:0 @!@!@
  |line 757, col 16 to line 757, col 22 of module paulspec: 3034
@!@!@ENDMSG 2221 @!@!@
@!@!@STARTMSG 2774:0 @!@!@
<LogMatchingInv line 769, col 1 to line 769, col 14 of module paulspec>
@!@!@ENDMSG 2774 @!@!@
@!@!@STARTMSG 2221:0 @!@!@
  line 770, col 5 to line 773, col 51 of module paulspec: 3034
@!@!@ENDMSG 2221 @!@!@
@!@!@STARTMSG 2221:0 @!@!@
  |line 770, col 27 to line 773, col 51 of module paulspec: 27306
@!@!@ENDMSG 2221 @!@!@
@!@!@STARTMSG 2221:0 @!@!@
  ||line 770, col 27 to line 770, col 32 of module paulspec: 27306
@!@!@ENDMSG 2221 @!@!@
@!@!@STARTMSG 2221:0 @!@!@
  ||line 771, col 9 to line 773, col 51 of module paulspec: 18204
@!@!@ENDMSG 2221 @!@!@
@!@!@STARTMSG 2221:0 @!@!@
  |||line 772, col 13 to line 773, col 51 of module paulspec: 1224
@!@!@ENDMSG 2221 @!@!@
@!@!@STARTMSG 2221:0 @!@!@
  |||line 771, col 18 to line 771, col 49 of module paulspec: 18204
@!@!@ENDMSG 2221 @!@!@
@!@!@STARTMSG 2221:0 @!@!@
  ||||line 771, col 21 to line 771, col 49 of module paulspec: 18204
@!@!@ENDMSG 2221 @!@!@
@!@!@STARTMSG 2221:0 @!@!@
  |||||line 160, col 14 to line 160, col 35 of module paulspec: 18204
@!@!@ENDMSG 2221 @!@!@
@!@!@STARTMSG 2221:0 @!@!@
  ||||||line 160, col 17 to line 160, col 21 of module paulspec: 18204
@!@!@ENDMSG 2221 @!@!@
@!@!@STARTMSG 2221:0 @!@!@
  ||||||line 160, col 28 to line 160, col 28 of module paulspec: 5976
@!@!@ENDMSG 2221 @!@!@
@!@!@STARTMSG 2221:0 @!@!@
  ||||||line 160, col 35 to line 160, col 35 of module paulspec: 12228
@!@!@ENDMSG 2221 @!@!@
@!@!@STARTMSG 2221:0 @!@!@
  |||||line 771, col 25 to line 771, col 35 of module paulspec: 18204
@!@!@ENDMSG 2221 @!@!@
@!@!@STARTMSG 2221:0 @!@!@
  |||||line 771, col 38 to line 771, col 48 of module paulspec: 18204
@!@!@ENDMSG 2221 @!@!@
@!@!@STARTMSG 2221:0 @!@!@
  |line 770, col 17 to line 770, col 23 of module paulspec: 3034
@!@!@ENDMSG 2221 @!@!@
@!@!@STARTMSG 2774:0 @!@!@
<LeaderCompletenessInv line 778, col 1 to line 778, col 21 of module paulspec>
@!@!@ENDMSG 2774 @!@!@
@!@!@STARTMSG 2221:0 @!@!@
  line 779, col 5 to line 782, col 72 of module paulspec: 3034
@!@!@ENDMSG 2221 @!@!@
@!@!@STARTMSG 2221:0 @!@!@
  |line 780, col 9 to line 782, col 72 of module paulspec: 9102
@!@!@ENDMSG 2221 @!@!@
@!@!@STARTMSG 2221:0 @!@!@
  ||line 780, col 9 to line 780, col 25 of module paulspec: 9102
@!@!@ENDMSG 2221 @!@!@
@!@!@STARTMSG 2221:0 @!@!@
  ||line 781, col 9 to line 782, col 72 of module paulspec: 3034
@!@!@ENDMSG 2221 @!@!@
@!@!@STARTMSG 2221:0 @!@!@
  |||line 781, col 27 to line 782, col 72 of module paulspec: 12136
@!@!@ENDMSG 2221 @!@!@
@!@!@STARTMSG 2221:0 @!@!@
  ||||line 781, col 27 to line 781, col 32 of module paulspec: 12136
@!@!@ENDMSG 2221 @!@!@
@!@!@STARTMSG 2221:0 @!@!@
  ||||line 782, col 13 to line 782, col 72 of module paulspec: 9102
@!@!@ENDMSG 2221 @!@!@
@!@!@STARTMSG 2221:0 @!@!@
  |||||line 180, col 5 to line 181, col 48 of module paulspec: 9102
@!@!@ENDMSG 2221 @!@!@
@!@!@STARTMSG 2221:0 @!@!@
  |||||line 782, col 27 to line 782, col 64 of module paulspec: 9102
@!@!@ENDMSG 2221 @!@!@
@!@!@STARTMSG 2221:0 @!@!@
  ||||||line 168, col 5 to line 177, col 14 of module paulspec: 9102
@!@!@ENDMSG 2221 @!@!@
@!@!@STARTMSG 2221:0 @!@!@
  |||||||line 168, col 8 to line 168, col 71 of module paulspec: 9102
@!@!@ENDMSG 2221 @!@!@
@!@!@STARTMSG 2221:0 @!@!@
  ||||||||line 168, col 8 to line 168, col 23 of module paulspec: 9102
@!@!@ENDMSG 2221 @!@!@
@!@!@STARTMSG 2221:0 @!@!@
  ||||||||line 168, col 28 to line 168, col 71 of module paulspec: 609
@!@!@ENDMSG 2221 @!@!@
@!@!@STARTMSG 2221:0 @!@!@
  |||||||line 172, col 11 to line 174, col 70 of module paulspec: 609
@!@!@ENDMSG 2221 @!@!@
@!@!@STARTMSG 2221:0 @!@!@
  |||||||line 175, col 10 to line 175, col 61 of module paulspec: 609
@!@!@ENDMSG 2221 @!@!@
@!@!@STARTMSG 2221:0 @!@!@
  |||||||line 177, col 10 to line 177, col 14 of module paulspec: 8493
@!@!@ENDMSG 2221 @!@!@
@!@!@STARTMSG 2221:0 @!@!@
  ||||||line 782, col 47 to line 782, col 47 of module paulspec: 9102
@!@!@ENDMSG 2221 @!@!@
@!@!@STARTMSG 2221:0 @!@!@
  ||||||line 782, col 50 to line 782, col 63 of module paulspec: 609
@!@!@ENDMSG 2221 @!@!@
@!@!@STARTMSG 2221:0 @!@!@
  |||||line 782, col 66 to line 782, col 71 of module paulspec: 9102
@!@!@ENDMSG 2221 @!@!@
@!@!@STARTMSG 2221:0 @!@!@
  |||line 781, col 18 to line 781, col 23 of module paulspec: 3034
@!@!@ENDMSG 2221 @!@!@
@!@!@STARTMSG 2221:0 @!@!@
  |line 779, col 14 to line 779, col 20 of module paulspec: 3034
@!@!@ENDMSG 2221 @!@!@
@!@!@STARTMSG 2774:0 @!@!@
<LogInv line 786, col 1 to line 786, col 6 of module paulspec>
@!@!@ENDMSG 2774 @!@!@
@!@!@STARTMSG 2221:0 @!@!@
  line 787, col 5 to line 789, col 51 of module paulspec: 3034
@!@!@ENDMSG 2221 @!@!@
@!@!@STARTMSG 2221:0 @!@!@
  |line 788, col 9 to line 789, col 51 of module paulspec: 27306
@!@!@ENDMSG 2221 @!@!@
@!@!@STARTMSG 2221:0 @!@!@
  ||line 788, col 12 to line 788, col 51 of module paulspec: 27306
@!@!@ENDMSG 2221 @!@!@
@!@!@STARTMSG 2221:0 @!@!@
  |||line 180, col 5 to line 181, col 48 of module paulspec: 27306
@!@!@ENDMSG 2221 @!@!@
@!@!@STARTMSG 2221:0 @!@!@
  ||||line 180, col 8 to line 180, col 29 of module paulspec: 27306
@!@!@ENDMSG 2221 @!@!@
@!@!@STARTMSG 2221:0 @!@!@
  ||||line 181, col 8 to line 181, col 48 of module paulspec: 27302
@!@!@ENDMSG 2221 @!@!@
@!@!@STARTMSG 2221:0 @!@!@
  |||||line 181, col 32 to line 181, col 48 of module paulspec: 2
@!@!@ENDMSG 2221 @!@!@
@!@!@STARTMSG 2221:0 @!@!@
  |||||line 181, col 17 to line 181, col 28 of module paulspec: 27302
@!@!@ENDMSG 2221 @!@!@
@!@!@STARTMSG 2221:0 @!@!@
  |||line 788, col 26 to line 788, col 37 of module paulspec: 27306
@!@!@ENDMSG 2221 @!@!@
@!@!@STARTMSG 2221:0 @!@!@
  ||||line 185, col 5 to line 187, col 40 of module paulspec: 27306
@!@!@ENDMSG 2221 @!@!@
@!@!@STARTMSG 2221:0 @!@!@
  |||||line 185, col 8 to line 185, col 25 of module paulspec: 27306
@!@!@ENDMSG 2221 @!@!@
@!@!@STARTMSG 2221:0 @!@!@
  |||||line 186, col 10 to line 186, col 14 of module paulspec: 27300
@!@!@ENDMSG 2221 @!@!@
@!@!@STARTMSG 2221:0 @!@!@
  |||||line 187, col 10 to line 187, col 40 of module paulspec: 6
@!@!@ENDMSG 2221 @!@!@
@!@!@STARTMSG 2221:0 @!@!@
  ||||line 788, col 36 to line 788, col 36 of module paulspec: 27306
@!@!@ENDMSG 2221 @!@!@
@!@!@STARTMSG 2221:0 @!@!@
  |||line 788, col 39 to line 788, col 50 of module paulspec: 27306
@!@!@ENDMSG 2221 @!@!@
@!@!@STARTMSG 2221:0 @!@!@
  ||||line 185, col 5 to line 187, col 40 of module paulspec: 27306
@!@!@ENDMSG 2221 @!@!@
@!@!@STARTMSG 2221:0 @!@!@
  |||||line 185, col 8 to line 185, col 25 of module paulspec: 27306
@!@!@ENDMSG 2221 @!@!@
@!@!@STARTMSG 2221:0 @!@!@
  |||||line 186, col 10 to line 186, col 14 of module paulspec: 27300
@!@!@ENDMSG 2221 @!@!@
@!@!@STARTMSG 2221:0 @!@!@
  |||||line 187, col 10 to line 187, col 40 of module paulspec: 6
@!@!@ENDMSG 2221 @!@!@
@!@!@STARTMSG 2221:0 @!@!@
  ||||line 788, col 49 to line 788, col 49 of module paulspec: 27306
@!@!@ENDMSG 2221 @!@!@
@!@!@STARTMSG 2221:0 @!@!@
  ||line 789, col 12 to line 789, col 51 of module paulspec: 4
@!@!@ENDMSG 2221 @!@!@
@!@!@STARTMSG 2221:0 @!@!@
  |line 787, col 17 to line 787, col 23 of module paulspec: 3034
@!@!@ENDMSG 2221 @!@!@
@!@!@STARTMSG 2774:0 @!@!@
<LeaderCommitted line 834, col 1 to line 834, col 15 of module paulspec>
@!@!@ENDMSG 2774 @!@!@
@!@!@STARTMSG 2221:0 @!@!@
  line 835, col 5 to line 835, col 42 of module paulspec: 3034
@!@!@ENDMSG 2221 @!@!@
@!@!@STARTMSG 2221:0 @!@!@
  |line 835, col 24 to line 835, col 42 of module paulspec: 3036
@!@!@ENDMSG 2221 @!@!@
@!@!@STARTMSG 2221:0 @!@!@
  |line 835, col 14 to line 835, col 20 of module paulspec: 3034
@!@!@ENDMSG 2221 @!@!@
@!@!@STARTMSG 2774:0 @!@!@
<MaxCInv line 800, col 1 to line 800, col 7 of module paulspec>
@!@!@ENDMSG 2774 @!@!@
@!@!@STARTMSG 2221:0 @!@!@
  line 800, col 12 to line 800, col 77 of module paulspec: 3034
@!@!@ENDMSG 2221 @!@!@
@!@!@STARTMSG 2221:0 @!@!@
  |line 800, col 13 to line 800, col 47 of module paulspec: 3034
@!@!@ENDMSG 2221 @!@!@
@!@!@STARTMSG 2221:0 @!@!@
  ||line 800, col 31 to line 800, col 47 of module paulspec: 6068
@!@!@ENDMSG 2221 @!@!@
@!@!@STARTMSG 2221:0 @!@!@
  ||line 800, col 22 to line 800, col 27 of module paulspec: 3034
@!@!@ENDMSG 2221 @!@!@
@!@!@STARTMSG 2221:0 @!@!@
  |line 800, col 53 to line 800, col 77 of module paulspec: 3034
@!@!@ENDMSG 2221 @!@!@
@!@!@STARTMSG 2774:0 @!@!@
<LeaderCountInv line 803, col 1 to line 803, col 14 of module paulspec>
@!@!@ENDMSG 2774 @!@!@
@!@!@STARTMSG 2221:0 @!@!@
  line 803, col 19 to line 803, col 92 of module paulspec: 3034
@!@!@ENDMSG 2221 @!@!@
@!@!@STARTMSG 2774:0 @!@!@
<MaxTermInv line 806, col 1 to line 806, col 10 of module paulspec>
@!@!@ENDMSG 2774 @!@!@
@!@!@STARTMSG 2221:0 @!@!@
  line 806, col 15 to line 806, col 57 of module paulspec: 3034
@!@!@ENDMSG 2221 @!@!@
@!@!@STARTMSG 2221:0 @!@!@
  |line 806, col 33 to line 806, col 57 of module paulspec: 12136
@!@!@ENDMSG 2221 @!@!@
@!@!@STARTMSG 2221:0 @!@!@
  |line 806, col 24 to line 806, col 29 of module paulspec: 3034
@!@!@ENDMSG 2221 @!@!@
@!@!@STARTMSG 2774:0 @!@!@
<EntryCommitMessageCountInv line 813, col 1 to line 813, col 26 of module paulspec>
@!@!@ENDMSG 2774 @!@!@
@!@!@STARTMSG 2221:0 @!@!@
  line 815, col 36 to line 815, col 61 of module paulspec: 2
@!@!@ENDMSG 2221 @!@!@
@!@!@STARTMSG 2221:0 @!@!@
  line 816, col 8 to line 821, col 20 of module paulspec: 3034
@!@!@ENDMSG 2221 @!@!@
@!@!@STARTMSG 2221:0 @!@!@
  |line 817, col 22 to line 817, col 42 of module paulspec: 3856
@!@!@ENDMSG 2221 @!@!@
@!@!@STARTMSG 2221:0 @!@!@
  |line 818, col 12 to line 821, col 20 of module paulspec: 3856
@!@!@ENDMSG 2221 @!@!@
@!@!@STARTMSG 2221:0 @!@!@
  ||line 818, col 15 to line 818, col 29 of module paulspec: 3856
@!@!@ENDMSG 2221 @!@!@
@!@!@STARTMSG 2221:0 @!@!@
  ||line 819, col 17 to line 820, col 96 of module paulspec: 2
@!@!@ENDMSG 2221 @!@!@
@!@!@STARTMSG 2221:0 @!@!@
  ||line 821, col 17 to line 821, col 20 of module paulspec: 3854
@!@!@ENDMSG 2221 @!@!@
@!@!@STARTMSG 2221:0 @!@!@
  |line 816, col 19 to line 816, col 41 of module paulspec: 3034
@!@!@ENDMSG 2221 @!@!@
@!@!@STARTMSG 2202:0 @!@!@
End of statistics.
@!@!@ENDMSG 2202 @!@!@
@!@!@STARTMSG 2200:0 @!@!@
Progress(11) at 2025-05-13 22:14:03: 10,186 states generated (403,939 s/min), 3,034 distinct states found (120,317 ds/min), 1,640 states left on queue.
@!@!@ENDMSG 2200 @!@!@
@!@!@STARTMSG 2199:0 @!@!@
10186 states generated, 3034 distinct states found, 1640 states left on queue.
@!@!@ENDMSG 2199 @!@!@
@!@!@STARTMSG 2194:0 @!@!@
The depth of the complete state graph search is 11.
@!@!@ENDMSG 2194 @!@!@
@!@!@STARTMSG 2268:0 @!@!@
The average outdegree of the complete state graph is 2 (minimum is 0, the maximum 6 and the 95th percentile is 4).
@!@!@ENDMSG 2268 @!@!@
@!@!@STARTMSG 2186:0 @!@!@
Finished in 1520ms at (2025-05-13 22:14:03)
@!@!@ENDMSG 2186 @!@!@
